Archive member included because of file (symbol)

/opt/Freescale/KDS_v3/toolchain/bin/../lib/gcc/arm-none-eabi/4.8.4/armv6-m/libgcc.a(_udivsi3.o)
                              ./utilities/fsl_str.o (__aeabi_uidiv)
/opt/Freescale/KDS_v3/toolchain/bin/../lib/gcc/arm-none-eabi/4.8.4/armv6-m/libgcc.a(_divsi3.o)
                              ./utilities/fsl_str.o (__aeabi_idiv)
/opt/Freescale/KDS_v3/toolchain/bin/../lib/gcc/arm-none-eabi/4.8.4/armv6-m/libgcc.a(_dvmd_tls.o)
                              /opt/Freescale/KDS_v3/toolchain/bin/../lib/gcc/arm-none-eabi/4.8.4/armv6-m/libgcc.a(_udivsi3.o) (__aeabi_idiv0)
/opt/Freescale/KDS_v3/toolchain/bin/../lib/gcc/arm-none-eabi/4.8.4/armv6-m/libgcc.a(_aeabi_uldivmod.o)
                              ./hal/timer.o (__aeabi_uldivmod)
/opt/Freescale/KDS_v3/toolchain/bin/../lib/gcc/arm-none-eabi/4.8.4/armv6-m/libgcc.a(_muldi3.o)
                              ./hal/timer.o (__aeabi_lmul)
/opt/Freescale/KDS_v3/toolchain/bin/../lib/gcc/arm-none-eabi/4.8.4/armv6-m/libgcc.a(bpabi.o)
                              /opt/Freescale/KDS_v3/toolchain/bin/../lib/gcc/arm-none-eabi/4.8.4/armv6-m/libgcc.a(_aeabi_uldivmod.o) (__gnu_uldivmod_helper)
/opt/Freescale/KDS_v3/toolchain/bin/../lib/gcc/arm-none-eabi/4.8.4/armv6-m/libgcc.a(_divdi3.o)
                              /opt/Freescale/KDS_v3/toolchain/bin/../lib/gcc/arm-none-eabi/4.8.4/armv6-m/libgcc.a(bpabi.o) (__divdi3)
/opt/Freescale/KDS_v3/toolchain/bin/../lib/gcc/arm-none-eabi/4.8.4/armv6-m/libgcc.a(_udivdi3.o)
                              /opt/Freescale/KDS_v3/toolchain/bin/../lib/gcc/arm-none-eabi/4.8.4/armv6-m/libgcc.a(bpabi.o) (__udivdi3)
/opt/Freescale/KDS_v3/toolchain/bin/../lib/gcc/arm-none-eabi/4.8.4/armv6-m/libgcc.a(_clzsi2.o)
                              /opt/Freescale/KDS_v3/toolchain/bin/../lib/gcc/arm-none-eabi/4.8.4/armv6-m/libgcc.a(_divdi3.o) (__clzsi2)
/opt/Freescale/KDS_v3/toolchain/bin/../lib/gcc/arm-none-eabi/4.8.4/../../../../arm-none-eabi/lib/armv6-m/libg_s.a(lib_a-exit.o)
                              /opt/Freescale/KDS_v3/toolchain/bin/../lib/gcc/arm-none-eabi/4.8.4/../../../../arm-none-eabi/lib/armv6-m/crt0.o (exit)
/opt/Freescale/KDS_v3/toolchain/bin/../lib/gcc/arm-none-eabi/4.8.4/../../../../arm-none-eabi/lib/armv6-m/libg_s.a(lib_a-impure.o)
                              /opt/Freescale/KDS_v3/toolchain/bin/../lib/gcc/arm-none-eabi/4.8.4/../../../../arm-none-eabi/lib/armv6-m/libg_s.a(lib_a-exit.o) (_global_impure_ptr)
/opt/Freescale/KDS_v3/toolchain/bin/../lib/gcc/arm-none-eabi/4.8.4/../../../../arm-none-eabi/lib/armv6-m/libg_s.a(lib_a-init.o)
                              /opt/Freescale/KDS_v3/toolchain/bin/../lib/gcc/arm-none-eabi/4.8.4/../../../../arm-none-eabi/lib/armv6-m/crt0.o (__libc_init_array)
/opt/Freescale/KDS_v3/toolchain/bin/../lib/gcc/arm-none-eabi/4.8.4/../../../../arm-none-eabi/lib/armv6-m/libg_s.a(lib_a-memcpy-stub.o)
                              ./modbus/functions/mbfuncother.o (memcpy)
/opt/Freescale/KDS_v3/toolchain/bin/../lib/gcc/arm-none-eabi/4.8.4/../../../../arm-none-eabi/lib/armv6-m/libg_s.a(lib_a-memmove.o)
                              ./utilities/fsl_shell.o (memmove)
/opt/Freescale/KDS_v3/toolchain/bin/../lib/gcc/arm-none-eabi/4.8.4/../../../../arm-none-eabi/lib/armv6-m/libg_s.a(lib_a-memset.o)
                              /opt/Freescale/KDS_v3/toolchain/bin/../lib/gcc/arm-none-eabi/4.8.4/../../../../arm-none-eabi/lib/armv6-m/crt0.o (memset)
/opt/Freescale/KDS_v3/toolchain/bin/../lib/gcc/arm-none-eabi/4.8.4/../../../../arm-none-eabi/lib/armv6-m/libg_s.a(lib_a-strlen.o)
                              ./utilities/fsl_str.o (strlen)
/opt/Freescale/KDS_v3/toolchain/bin/../lib/gcc/arm-none-eabi/4.8.4/../../../../arm-none-eabi/lib/armv6-m/libnosys.a(_exit.o)
                              /opt/Freescale/KDS_v3/toolchain/bin/../lib/gcc/arm-none-eabi/4.8.4/../../../../arm-none-eabi/lib/armv6-m/libg_s.a(lib_a-exit.o) (_exit)

Allocating common symbols
Common symbol       size              file

pxMBFrameCBTransmitterEmpty
                    0x4               ./modbus/mb.o
serial_task_irq     0x4               ./hal/serial.o
pxMBPortCBTimerExpired
                    0x4               ./modbus/mb.o
xQueueRegistry      0x40              ./freertos/source/queue.o
ucRTUBuf            0x100             ./modbus/rtu/mbrtu.o
timer_task_irq      0x4               ./hal/timer.o
pxMBFrameCBByteReceived
                    0x4               ./modbus/mb.o
pxMBFrameCBTransmitFSMCur
                    0x4               ./modbus/mb.o
pxMBFrameCBReceiveFSMCur
                    0x4               ./modbus/mb.o
g_xtal0Freq         0x4               ./drivers/fsl_clock.o

Discarded input sections

 .text          0x00000000        0x0 /opt/Freescale/KDS_v3/toolchain/bin/../lib/gcc/arm-none-eabi/4.8.4/armv6-m/crti.o
 .data          0x00000000        0x0 /opt/Freescale/KDS_v3/toolchain/bin/../lib/gcc/arm-none-eabi/4.8.4/armv6-m/crti.o
[...]
Memory Configuration

Name             Origin             Length             Attributes
m_interrupts     0x00000000         0x00000200         xr
m_flash_config   0x00000400         0x00000010         xr
m_text           0x00000410         0x0001fbf0         xr
m_data           0x1ffff000         0x00004000         rw
*default*        0x00000000         0xffffffff

Linker script and memory map

LOAD /opt/Freescale/KDS_v3/toolchain/bin/../lib/gcc/arm-none-eabi/4.8.4/armv6-m/crti.o
LOAD /opt/Freescale/KDS_v3/toolchain/bin/../lib/gcc/arm-none-eabi/4.8.4/armv6-m/crtbegin.o
LOAD /opt/Freescale/KDS_v3/toolchain/bin/../lib/gcc/arm-none-eabi/4.8.4/../../../../arm-none-eabi/lib/armv6-m/crt0.o
LOAD ./utilities/fsl_assert.o
LOAD ./utilities/fsl_debug_console.o
LOAD ./utilities/fsl_io.o
LOAD ./utilities/fsl_log.o
LOAD ./utilities/fsl_notifier.o
LOAD ./utilities/fsl_shell.o
LOAD ./utilities/fsl_str.o
LOAD ./startup/startup_MKE06Z4.o
LOAD ./source/main.o
LOAD ./modbus/tcp/mbtcp.o
LOAD ./modbus/rtu/mbcrc.o
LOAD ./modbus/rtu/mbrtu.o
LOAD ./modbus/port/portevent.o
LOAD ./modbus/port/portother.o
LOAD ./modbus/port/portserial.o
LOAD ./modbus/port/porttimer.o
LOAD ./modbus/functions/mbfunccoils.o
LOAD ./modbus/functions/mbfuncdiag.o
LOAD ./modbus/functions/mbfuncdisc.o
LOAD ./modbus/functions/mbfuncholding.o
LOAD ./modbus/functions/mbfuncinput.o
LOAD ./modbus/functions/mbfuncother.o
LOAD ./modbus/functions/mbutils.o
LOAD ./modbus/ascii/mbascii.o
LOAD ./modbus/mb.o
LOAD ./hal/serial.o
LOAD ./hal/timer.o
LOAD ./freertos/source/croutine.o
LOAD ./freertos/source/event_groups.o
LOAD ./freertos/source/list.o
LOAD ./freertos/source/queue.o
LOAD ./freertos/source/tasks.o
LOAD ./freertos/source/timers.o
LOAD ./freertos/portable/fsl_tickless_systick.o
LOAD ./freertos/portable/heap_4.o
LOAD ./freertos/portable/port.o
LOAD ./drivers/fsl_acmp.o
LOAD ./drivers/fsl_adc.o
LOAD ./drivers/fsl_clock.o
LOAD ./drivers/fsl_common.o
LOAD ./drivers/fsl_flash.o
LOAD ./drivers/fsl_ftm.o
LOAD ./drivers/fsl_gpio.o
LOAD ./drivers/fsl_i2c.o
LOAD ./drivers/fsl_irq.o
LOAD ./drivers/fsl_kbi.o
LOAD ./drivers/fsl_mscan.o
LOAD ./drivers/fsl_pit.o
LOAD ./drivers/fsl_port.o
LOAD ./drivers/fsl_pwt.o
LOAD ./drivers/fsl_rtc.o
LOAD ./drivers/fsl_spi.o
LOAD ./drivers/fsl_tpm.o
LOAD ./drivers/fsl_uart.o
LOAD ./drivers/fsl_wdog8.o
LOAD ./board/board.o
LOAD ./board/clock_config.o
LOAD ./board/peripherals.o
LOAD ./board/pin_mux.o
LOAD ./application/application.o
LOAD ./CMSIS/system_MKE06Z4.o
LOAD /opt/Freescale/KDS_v3/toolchain/bin/../lib/gcc/arm-none-eabi/4.8.4/../../../../arm-none-eabi/lib/armv6-m/libstdc++_s.a
LOAD /opt/Freescale/KDS_v3/toolchain/bin/../lib/gcc/arm-none-eabi/4.8.4/../../../../arm-none-eabi/lib/armv6-m/libm.a
START GROUP
LOAD /opt/Freescale/KDS_v3/toolchain/bin/../lib/gcc/arm-none-eabi/4.8.4/armv6-m/libgcc.a
LOAD /opt/Freescale/KDS_v3/toolchain/bin/../lib/gcc/arm-none-eabi/4.8.4/../../../../arm-none-eabi/lib/armv6-m/libg_s.a
LOAD /opt/Freescale/KDS_v3/toolchain/bin/../lib/gcc/arm-none-eabi/4.8.4/../../../../arm-none-eabi/lib/armv6-m/libc_s.a
END GROUP
START GROUP
LOAD /opt/Freescale/KDS_v3/toolchain/bin/../lib/gcc/arm-none-eabi/4.8.4/armv6-m/libgcc.a
LOAD /opt/Freescale/KDS_v3/toolchain/bin/../lib/gcc/arm-none-eabi/4.8.4/../../../../arm-none-eabi/lib/armv6-m/libc_s.a
LOAD /opt/Freescale/KDS_v3/toolchain/bin/../lib/gcc/arm-none-eabi/4.8.4/../../../../arm-none-eabi/lib/armv6-m/libnosys.a
END GROUP
START GROUP
LOAD /opt/Freescale/KDS_v3/toolchain/bin/../lib/gcc/arm-none-eabi/4.8.4/armv6-m/libgcc.a
LOAD /opt/Freescale/KDS_v3/toolchain/bin/../lib/gcc/arm-none-eabi/4.8.4/../../../../arm-none-eabi/lib/armv6-m/libc_s.a
LOAD /opt/Freescale/KDS_v3/toolchain/bin/../lib/gcc/arm-none-eabi/4.8.4/../../../../arm-none-eabi/lib/armv6-m/libnosys.a
END GROUP
LOAD /opt/Freescale/KDS_v3/toolchain/bin/../lib/gcc/arm-none-eabi/4.8.4/armv6-m/crtend.o
LOAD /opt/Freescale/KDS_v3/toolchain/bin/../lib/gcc/arm-none-eabi/4.8.4/armv6-m/crtn.o
                0x00000400                HEAP_SIZE = DEFINED (__heap_size__)?__heap_size__:0x400
                0x00000400                STACK_SIZE = DEFINED (__stack_size__)?__stack_size__:0x400

.interrupts     0x00000000       0xc0
                0x00000000                . = ALIGN (0x4)
 *(.isr_vector)
 .isr_vector    0x00000000       0xc0 ./startup/startup_MKE06Z4.o
                0x00000000                __isr_vector
                0x000000c0                . = ALIGN (0x4)

.flash_config   0x00000400       0x10
                0x00000400                . = ALIGN (0x4)
 *(.FlashConfig)
 .FlashConfig   0x00000400       0x10 ./startup/startup_MKE06Z4.o
                0x00000410                . = ALIGN (0x4)

.text           0x00000410     0x76bc
                0x00000410                . = ALIGN (0x4)
 *(.text)
 .text          0x00000410       0x60 /opt/Freescale/KDS_v3/toolchain/bin/../lib/gcc/arm-none-eabi/4.8.4/armv6-m/crtbegin.o
 .text          0x00000470       0x78 /opt/Freescale/KDS_v3/toolchain/bin/../lib/gcc/arm-none-eabi/4.8.4/../../../../arm-none-eabi/lib/armv6-m/crt0.o
                0x00000470                _mainCRTStartup
                0x00000470                _start
 .text          0x000004e8       0xc4 ./startup/startup_MKE06Z4.o
                0x000004e8                Reset_Handler
                0x00000530                Reserved18_IRQHandler
                0x00000530                Reserved16_IRQHandler
                0x00000530                Reserved19_IRQHandler
                0x00000530                Reserved42_IRQHandler
                0x00000530                DefaultISR
                0x00000530                FTMRE_IRQHandler
                0x00000530                IRQ_IRQHandler
                0x00000530                FTM1_IRQHandler
                0x00000530                Reserved20_IRQHandler
                0x00000530                Reserved17_IRQHandler
                0x00000530                ADC_IRQHandler
                0x00000530                ACMP0_IRQHandler
                0x00000530                PWT_IRQHandler
                0x00000530                ICS_IRQHandler
                0x00000530                PIT_CH1_IRQHandler
                0x00000530                KBI0_IRQHandler
                0x00000530                PMC_IRQHandler
                0x00000530                FTM0_IRQHandler
                0x00000530                WDOG_IRQHandler
                0x00000530                FTM2_IRQHandler
                0x00000530                ACMP1_IRQHandler
                0x00000530                KBI1_IRQHandler
                0x00000534                NMI_Handler
                0x00000538                HardFault_Handler
                0x00000548                I2C0_IRQHandler
                0x0000054c                I2C1_IRQHandler
                0x00000550                SPI0_IRQHandler
                0x00000554                SPI1_IRQHandler
                0x00000558                UART0_IRQHandler
                0x00000560                UART2_IRQHandler
                0x00000564                RTC_IRQHandler
                0x00000568                MSCAN_1_IRQHandler
                0x0000056c                MSCAN_2_IRQHandler
 .text          0x000005ac       0x9c /opt/Freescale/KDS_v3/toolchain/bin/../lib/gcc/arm-none-eabi/4.8.4/armv6-m/libgcc.a(_udivsi3.o)
                0x000005ac                __udivsi3
                0x000005ac                __aeabi_uidiv
                0x00000634                __aeabi_uidivmod
 .text          0x00000648       0xc0 /opt/Freescale/KDS_v3/toolchain/bin/../lib/gcc/arm-none-eabi/4.8.4/armv6-m/libgcc.a(_divsi3.o)
                0x00000648                __aeabi_idiv
                0x00000648                __divsi3
                0x000006f4                __aeabi_idivmod
 .text          0x00000708        0x4 /opt/Freescale/KDS_v3/toolchain/bin/../lib/gcc/arm-none-eabi/4.8.4/armv6-m/libgcc.a(_dvmd_tls.o)
                0x00000708                __aeabi_ldiv0
                0x00000708                __aeabi_idiv0
 .text          0x0000070c       0x40 /opt/Freescale/KDS_v3/toolchain/bin/../lib/gcc/arm-none-eabi/4.8.4/armv6-m/libgcc.a(_aeabi_uldivmod.o)
                0x0000070c                __aeabi_uldivmod
 .text          0x0000074c       0x44 /opt/Freescale/KDS_v3/toolchain/bin/../lib/gcc/arm-none-eabi/4.8.4/armv6-m/libgcc.a(_muldi3.o)
                0x0000074c                __aeabi_lmul
                0x0000074c                __muldi3
 .text          0x00000790       0x6c /opt/Freescale/KDS_v3/toolchain/bin/../lib/gcc/arm-none-eabi/4.8.4/armv6-m/libgcc.a(bpabi.o)
                0x00000790                __gnu_ldivmod_helper
                0x000007c8                __gnu_uldivmod_helper
 .text          0x000007fc      0x3b8 /opt/Freescale/KDS_v3/toolchain/bin/../lib/gcc/arm-none-eabi/4.8.4/armv6-m/libgcc.a(_divdi3.o)
                0x000007fc                __divdi3
 .text          0x00000bb4      0x384 /opt/Freescale/KDS_v3/toolchain/bin/../lib/gcc/arm-none-eabi/4.8.4/armv6-m/libgcc.a(_udivdi3.o)
                0x00000bb4                __udivdi3
 .text          0x00000f38       0x3c /opt/Freescale/KDS_v3/toolchain/bin/../lib/gcc/arm-none-eabi/4.8.4/armv6-m/libgcc.a(_clzsi2.o)
                0x00000f38                __clzsi2
 *(.text*)
 .text.__assert_func
                0x00000f74       0x28 ./utilities/fsl_assert.o
                0x00000f74                __assert_func
 .text.DbgConsole_Printf
                0x00000f9c       0x80 ./utilities/fsl_debug_console.o
                0x00000f9c                DbgConsole_Printf
 .text.DbgConsole_RelocateLog
                0x0000101c       0x64 ./utilities/fsl_debug_console.o
 .text.IO_Transfer
                0x00001080       0x68 ./utilities/fsl_io.o
                0x00001080                IO_Transfer
 .text.LOG_Push
                0x000010e8       0x44 ./utilities/fsl_log.o
                0x000010e8                LOG_Push
 .text.LOG_Pop  0x0000112c       0x54 ./utilities/fsl_log.o
                0x0000112c                LOG_Pop
 .text.ConvertRadixNumToString
                0x00001180      0x118 ./utilities/fsl_str.o
 .text.StrFormatPrintf
                0x00001298      0x378 ./utilities/fsl_str.o
                0x00001298                StrFormatPrintf
 .text.hello_task
                0x00001610       0x18 ./source/main.o
 .text.main     0x00001628       0x34 ./source/main.o
                0x00001628                main
 .text.usMBCRC16
                0x0000165c       0x90 ./modbus/rtu/mbcrc.o
                0x0000165c                usMBCRC16
 .text.eMBRTUInit
                0x000016ec       0x94 ./modbus/rtu/mbrtu.o
                0x000016ec                eMBRTUInit
 .text.eMBRTUStart
                0x00001780       0x28 ./modbus/rtu/mbrtu.o
                0x00001780                eMBRTUStart
 .text.eMBRTUStop
                0x000017a8       0x1c ./modbus/rtu/mbrtu.o
                0x000017a8                eMBRTUStop
 .text.eMBRTUReceive
                0x000017c4       0x90 ./modbus/rtu/mbrtu.o
                0x000017c4                eMBRTUReceive
 .text.eMBRTUSend
                0x00001854       0xe4 ./modbus/rtu/mbrtu.o
                0x00001854                eMBRTUSend
 .text.xMBRTUReceiveFSM
                0x00001938       0xac ./modbus/rtu/mbrtu.o
                0x00001938                xMBRTUReceiveFSM
 .text.xMBRTUTransmitFSM
                0x000019e4       0x94 ./modbus/rtu/mbrtu.o
                0x000019e4                xMBRTUTransmitFSM
 .text.xMBRTUTimerT35Expired
                0x00001a78       0x58 ./modbus/rtu/mbrtu.o
                0x00001a78                xMBRTUTimerT35Expired
 .text.xMBPortEventInit
                0x00001ad0       0x3c ./modbus/port/portevent.o
                0x00001ad0                xMBPortEventInit
 .text.vMBPortEventClose
                0x00001b0c       0x24 ./modbus/port/portevent.o
                0x00001b0c                vMBPortEventClose
 .text.xMBPortEventPost
                0x00001b30       0x58 ./modbus/port/portevent.o
                0x00001b30                xMBPortEventPost
 .text.xMBPortEventGet
                0x00001b88       0x44 ./modbus/port/portevent.o
                0x00001b88                xMBPortEventGet
 .text.bMBPortIsWithinException
                0x00001bcc       0x14 ./modbus/port/portother.o
                0x00001bcc                bMBPortIsWithinException
 .text.vMBPortEnterCritical
                0x00001be0        0xc ./modbus/port/portother.o
                0x00001be0                vMBPortEnterCritical
 .text.vMBPortExitCritical
                0x00001bec        0xc ./modbus/port/portother.o
                0x00001bec                vMBPortExitCritical
 .text.vMBPortClose
                0x00001bf8       0x14 ./modbus/port/portother.o
                0x00001bf8                vMBPortClose
 .text.vMBPortSerialEnable
                0x00001c0c       0x60 ./modbus/port/portserial.o
                0x00001c0c                vMBPortSerialEnable
 .text.xMBPortSerialInit
                0x00001c6c       0x50 ./modbus/port/portserial.o
                0x00001c6c                xMBPortSerialInit
 .text.vMBPortSerialClose
                0x00001cbc        0x8 ./modbus/port/portserial.o
                0x00001cbc                vMBPortSerialClose
 .text.xMBPortSerialPutByte
                0x00001cc4       0x24 ./modbus/port/portserial.o
                0x00001cc4                xMBPortSerialPutByte
 .text.xMBPortSerialGetByte
                0x00001ce8       0x20 ./modbus/port/portserial.o
                0x00001ce8                xMBPortSerialGetByte
 .text.prvvMBPortSerialISR
                0x00001d08       0x48 ./modbus/port/portserial.o
 .text.xMBPortTimersInit
                0x00001d50       0x38 ./modbus/port/porttimer.o
                0x00001d50                xMBPortTimersInit
 .text.vMBPortTimerClose
                0x00001d88        0x8 ./modbus/port/porttimer.o
                0x00001d88                vMBPortTimerClose
 .text.vMBPortTimersEnable
                0x00001d90        0xc ./modbus/port/porttimer.o
                0x00001d90                vMBPortTimersEnable
 .text.vMBPortTimersDisable
                0x00001d9c        0xc ./modbus/port/porttimer.o
                0x00001d9c                vMBPortTimersDisable
 .text.vMBPortTimersDelay
                0x00001da8       0x14 ./modbus/port/porttimer.o
                0x00001da8                vMBPortTimersDelay
 .text.prvvTIMERExpiredISR
                0x00001dbc       0x14 ./modbus/port/porttimer.o
 .text.eMBFuncReadCoils
                0x00001dd0      0x178 ./modbus/functions/mbfunccoils.o
                0x00001dd0                eMBFuncReadCoils
 .text.eMBFuncWriteCoil
                0x00001f48       0xf4 ./modbus/functions/mbfunccoils.o
                0x00001f48                eMBFuncWriteCoil
 .text.eMBFuncWriteMultipleCoils
                0x0000203c      0x148 ./modbus/functions/mbfunccoils.o
                0x0000203c                eMBFuncWriteMultipleCoils
 .text.eMBFuncReadDiscreteInputs
                0x00002184      0x174 ./modbus/functions/mbfuncdisc.o
                0x00002184                eMBFuncReadDiscreteInputs
 .text.eMBFuncWriteHoldingRegister
                0x000022f8       0xa4 ./modbus/functions/mbfuncholding.o
                0x000022f8                eMBFuncWriteHoldingRegister
 .text.eMBFuncWriteMultipleHoldingRegister
                0x0000239c      0x118 ./modbus/functions/mbfuncholding.o
                0x0000239c                eMBFuncWriteMultipleHoldingRegister
 .text.eMBFuncReadHoldingRegister
                0x000024b4      0x13c ./modbus/functions/mbfuncholding.o
                0x000024b4                eMBFuncReadHoldingRegister
 .text.eMBFuncReadWriteMultipleHoldingRegister
                0x000025f0      0x208 ./modbus/functions/mbfuncholding.o
                0x000025f0                eMBFuncReadWriteMultipleHoldingRegister
 .text.eMBFuncReadInputRegister
                0x000027f8      0x144 ./modbus/functions/mbfuncinput.o
                0x000027f8                eMBFuncReadInputRegister
 .text.eMBFuncReportSlaveID
                0x0000293c       0x3c ./modbus/functions/mbfuncother.o
                0x0000293c                eMBFuncReportSlaveID
 .text.xMBUtilSetBits
                0x00002978      0x118 ./modbus/functions/mbutils.o
                0x00002978                xMBUtilSetBits
 .text.xMBUtilGetBits
                0x00002a90       0xb4 ./modbus/functions/mbutils.o
                0x00002a90                xMBUtilGetBits
 .text.prveMBError2Exception
                0x00002b44       0x54 ./modbus/functions/mbutils.o
                0x00002b44                prveMBError2Exception
 .text.eMBASCIIInit
                0x00002b98       0x7c ./modbus/ascii/mbascii.o
                0x00002b98                eMBASCIIInit
 .text.eMBASCIIStart
                0x00002c14       0x28 ./modbus/ascii/mbascii.o
                0x00002c14                eMBASCIIStart
 .text.eMBASCIIStop
                0x00002c3c       0x1c ./modbus/ascii/mbascii.o
                0x00002c3c                eMBASCIIStop
 .text.eMBASCIIReceive
                0x00002c58       0x84 ./modbus/ascii/mbascii.o
                0x00002c58                eMBASCIIReceive
 .text.eMBASCIISend
                0x00002cdc       0xc8 ./modbus/ascii/mbascii.o
                0x00002cdc                eMBASCIISend
 .text.xMBASCIIReceiveFSM
                0x00002da4      0x178 ./modbus/ascii/mbascii.o
                0x00002da4                xMBASCIIReceiveFSM
 .text.xMBASCIITransmitFSM
                0x00002f1c      0x14c ./modbus/ascii/mbascii.o
                0x00002f1c                xMBASCIITransmitFSM
 .text.xMBASCIITimerT1SExpired
                0x00003068       0x2c ./modbus/ascii/mbascii.o
                0x00003068                xMBASCIITimerT1SExpired
 .text.prvucMBCHAR2BIN
                0x00003094       0x4c ./modbus/ascii/mbascii.o
 .text.prvucMBBIN2CHAR
                0x000030e0       0x44 ./modbus/ascii/mbascii.o
 .text.prvucMBLRC
                0x00003124       0x58 ./modbus/ascii/mbascii.o
 .text.eMBInit  0x0000317c      0x19c ./modbus/mb.o
                0x0000317c                eMBInit
 .text.eMBEnable
                0x00003318       0x3c ./modbus/mb.o
                0x00003318                eMBEnable
 .text.eMBPoll  0x00003354      0x188 ./modbus/mb.o
                0x00003354                eMBPoll
 .text.__NVIC_EnableIRQ
                0x000034dc       0x34 ./hal/serial.o
 .text.EnableIRQ
                0x00003510       0x34 ./hal/serial.o
 .text.UART_WriteByte
                0x00003544       0x1c ./hal/serial.o
 .text.UART_ReadByte
                0x00003560       0x18 ./hal/serial.o
 .text.serial_init
                0x00003578       0x60 ./hal/serial.o
                0x00003578                serial_init
 .text.serial_enable_interrupt
                0x000035d8       0x10 ./hal/serial.o
                0x000035d8                serial_enable_interrupt
 .text.serial_enable_rx_interrupt
                0x000035e8       0x1c ./hal/serial.o
                0x000035e8                serial_enable_rx_interrupt
 .text.serial_disable_rx_interrupt
                0x00003604       0x1c ./hal/serial.o
                0x00003604                serial_disable_rx_interrupt
 .text.serial_enable_tx_interrupt
                0x00003620       0x1c ./hal/serial.o
                0x00003620                serial_enable_tx_interrupt
 .text.serial_disable_tx_interrupt
                0x0000363c       0x1c ./hal/serial.o
                0x0000363c                serial_disable_tx_interrupt
 .text.serial_put_byte
                0x00003658       0x3c ./hal/serial.o
                0x00003658                serial_put_byte
 .text.serial_get_byte
                0x00003694       0x40 ./hal/serial.o
                0x00003694                serial_get_byte
 .text.serial_callback
                0x000036d4       0x20 ./hal/serial.o
                0x000036d4                serial_callback
 .text.serial_status_rx_flag
                0x000036f4       0x1c ./hal/serial.o
                0x000036f4                serial_status_rx_flag
 .text.serial_status_tx_flag
                0x00003710       0x1c ./hal/serial.o
                0x00003710                serial_status_tx_flag
 .text.UART1_IRQHandler
                0x0000372c       0x1c ./hal/serial.o
                0x0000372c                UART1_IRQHandler
 .text.__NVIC_EnableIRQ
                0x00003748       0x34 ./hal/timer.o
 .text.EnableIRQ
                0x0000377c       0x34 ./hal/timer.o
 .text.PIT_GetDefaultConfig
                0x000037b0       0x34 ./hal/timer.o
 .text.PIT_EnableInterrupts
                0x000037e4       0x44 ./hal/timer.o
 .text.PIT_ClearStatusFlags
                0x00003828       0x30 ./hal/timer.o
 .text.PIT_SetTimerPeriod
                0x00003858       0x28 ./hal/timer.o
 .text.PIT_StartTimer
                0x00003880       0x3c ./hal/timer.o
 .text.PIT_StopTimer
                0x000038bc       0x40 ./hal/timer.o
 *fill*         0x000038fc        0x4 
 .text.timer_init
                0x00003900       0x90 ./hal/timer.o
                0x00003900                timer_init
 .text.timer_callback_irq
                0x00003990       0x20 ./hal/timer.o
                0x00003990                timer_callback_irq
 .text.timer_start
                0x000039b0       0x18 ./hal/timer.o
                0x000039b0                timer_start
 .text.timer_stop
                0x000039c8       0x18 ./hal/timer.o
                0x000039c8                timer_stop
 .text.PIT_CH0_IRQHandler
                0x000039e0       0x2c ./hal/timer.o
                0x000039e0                PIT_CH0_IRQHandler
 .text.vListInitialise
                0x00003a0c       0x3c ./freertos/source/list.o
                0x00003a0c                vListInitialise
 .text.vListInitialiseItem
                0x00003a48       0x14 ./freertos/source/list.o
                0x00003a48                vListInitialiseItem
 .text.vListInsertEnd
                0x00003a5c       0x44 ./freertos/source/list.o
                0x00003a5c                vListInsertEnd
 .text.vListInsert
                0x00003aa0       0x6c ./freertos/source/list.o
                0x00003aa0                vListInsert
 .text.uxListRemove
                0x00003b0c       0x50 ./freertos/source/list.o
                0x00003b0c                uxListRemove
 .text.xQueueGenericReset
                0x00003b5c       0xac ./freertos/source/queue.o
                0x00003b5c                xQueueGenericReset
 .text.xQueueGenericCreate
                0x00003c08       0x64 ./freertos/source/queue.o
                0x00003c08                xQueueGenericCreate
 .text.prvInitialiseNewQueue
                0x00003c6c       0x4c ./freertos/source/queue.o
 .text.xQueueGenericSend
                0x00003cb8      0x1a0 ./freertos/source/queue.o
                0x00003cb8                xQueueGenericSend
 .text.xQueueGenericSendFromISR
                0x00003e58       0xec ./freertos/source/queue.o
                0x00003e58                xQueueGenericSendFromISR
 .text.xQueueGenericReceive
                0x00003f44      0x1dc ./freertos/source/queue.o
                0x00003f44                xQueueGenericReceive
 .text.vQueueDelete
                0x00004120       0x2c ./freertos/source/queue.o
                0x00004120                vQueueDelete
 .text.prvCopyDataToQueue
                0x0000414c       0xe0 ./freertos/source/queue.o
 .text.prvCopyDataFromQueue
                0x0000422c       0x50 ./freertos/source/queue.o
 .text.prvUnlockQueue
                0x0000427c       0xc0 ./freertos/source/queue.o
 .text.prvIsQueueEmpty
                0x0000433c       0x2c ./freertos/source/queue.o
 .text.prvIsQueueFull
                0x00004368       0x30 ./freertos/source/queue.o
 .text.vQueueAddToRegistry
                0x00004398       0x4c ./freertos/source/queue.o
                0x00004398                vQueueAddToRegistry
 .text.vQueueUnregisterQueue
                0x000043e4       0x4c ./freertos/source/queue.o
                0x000043e4                vQueueUnregisterQueue
 .text.vQueueWaitForMessageRestricted
                0x00004430       0x70 ./freertos/source/queue.o
                0x00004430                vQueueWaitForMessageRestricted
 .text.xTaskCreate
                0x000044a0       0x90 ./freertos/source/tasks.o
                0x000044a0                xTaskCreate
 .text.prvInitialiseNewTask
                0x00004530      0x120 ./freertos/source/tasks.o
 .text.prvAddNewTaskToReadyList
                0x00004650       0xcc ./freertos/source/tasks.o
 .text.vTaskDelay
                0x0000471c       0x48 ./freertos/source/tasks.o
                0x0000471c                vTaskDelay
 .text.vTaskSuspend
                0x00004764       0xb4 ./freertos/source/tasks.o
                0x00004764                vTaskSuspend
 .text.vTaskStartScheduler
                0x00004818       0x7c ./freertos/source/tasks.o
                0x00004818                vTaskStartScheduler
 .text.vTaskSuspendAll
                0x00004894       0x18 ./freertos/source/tasks.o
                0x00004894                vTaskSuspendAll
 .text.xTaskResumeAll
                0x000048ac      0x118 ./freertos/source/tasks.o
                0x000048ac                xTaskResumeAll
 .text.xTaskGetTickCount
                0x000049c4       0x1c ./freertos/source/tasks.o
                0x000049c4                xTaskGetTickCount
 .text.xTaskIncrementTick
                0x000049e0      0x150 ./freertos/source/tasks.o
                0x000049e0                xTaskIncrementTick
 .text.vTaskSwitchContext
                0x00004b30       0xa0 ./freertos/source/tasks.o
                0x00004b30                vTaskSwitchContext
 .text.vTaskPlaceOnEventList
                0x00004bd0       0x38 ./freertos/source/tasks.o
                0x00004bd0                vTaskPlaceOnEventList
 .text.vTaskPlaceOnEventListRestricted
                0x00004c08       0x48 ./freertos/source/tasks.o
                0x00004c08                vTaskPlaceOnEventListRestricted
 .text.xTaskRemoveFromEventList
                0x00004c50       0xb8 ./freertos/source/tasks.o
                0x00004c50                xTaskRemoveFromEventList
 .text.vTaskSetTimeOutState
                0x00004d08       0x30 ./freertos/source/tasks.o
                0x00004d08                vTaskSetTimeOutState
 .text.xTaskCheckForTimeOut
                0x00004d38       0x9c ./freertos/source/tasks.o
                0x00004d38                xTaskCheckForTimeOut
 .text.vTaskMissedYield
                0x00004dd4       0x14 ./freertos/source/tasks.o
                0x00004dd4                vTaskMissedYield
 .text.prvIdleTask
                0x00004de8       0x20 ./freertos/source/tasks.o
 .text.prvInitialiseTaskLists
                0x00004e08       0x88 ./freertos/source/tasks.o
 .text.prvCheckTasksWaitingTermination
                0x00004e90       0x74 ./freertos/source/tasks.o
 .text.prvDeleteTCB
                0x00004f04       0x20 ./freertos/source/tasks.o
 .text.prvResetNextTaskUnblockTime
                0x00004f24       0x44 ./freertos/source/tasks.o
 .text.xTaskGetSchedulerState
                0x00004f68       0x38 ./freertos/source/tasks.o
                0x00004f68                xTaskGetSchedulerState
 .text.vTaskPriorityInherit
                0x00004fa0       0xbc ./freertos/source/tasks.o
                0x00004fa0                vTaskPriorityInherit
 .text.xTaskPriorityDisinherit
                0x0000505c       0xb8 ./freertos/source/tasks.o
                0x0000505c                xTaskPriorityDisinherit
 .text.pvTaskIncrementMutexHeldCount
                0x00005114       0x24 ./freertos/source/tasks.o
                0x00005114                pvTaskIncrementMutexHeldCount
 .text.prvAddCurrentTaskToDelayedList
                0x00005138       0xa8 ./freertos/source/tasks.o
 .text.xTimerCreateTimerTask
                0x000051e0       0x58 ./freertos/source/timers.o
                0x000051e0                xTimerCreateTimerTask
 .text.xTimerGenericCommand
                0x00005238       0xac ./freertos/source/timers.o
                0x00005238                xTimerGenericCommand
 .text.prvProcessExpiredTimer
                0x000052e4       0x74 ./freertos/source/timers.o
 .text.prvTimerTask
                0x00005358       0x28 ./freertos/source/timers.o
 .text.prvProcessTimerOrBlockTask
                0x00005380       0x90 ./freertos/source/timers.o
 .text.prvGetNextExpireTime
                0x00005410       0x40 ./freertos/source/timers.o
 .text.prvSampleTimeNow
                0x00005450       0x40 ./freertos/source/timers.o
 .text.prvInsertTimerInActiveList
                0x00005490       0x84 ./freertos/source/timers.o
 .text.prvProcessReceivedCommands
                0x00005514      0x140 ./freertos/source/timers.o
 .text.prvSwitchTimerLists
                0x00005654       0xb8 ./freertos/source/timers.o
 .text.prvCheckForValidListAndQueue
                0x0000570c       0x74 ./freertos/source/timers.o
 .text.prvSetupTimerInterrupt
                0x00005780       0x38 ./freertos/portable/fsl_tickless_systick.o
                0x00005780                prvSetupTimerInterrupt
 .text.pvPortMalloc
                0x000057b8      0x14c ./freertos/portable/heap_4.o
                0x000057b8                pvPortMalloc
 .text.vPortFree
                0x00005904       0x8c ./freertos/portable/heap_4.o
                0x00005904                vPortFree
 .text.prvHeapInit
                0x00005990       0xbc ./freertos/portable/heap_4.o
 .text.prvInsertBlockIntoFreeList
                0x00005a4c       0xac ./freertos/portable/heap_4.o
 .text.pxPortInitialiseStack
                0x00005af8       0x54 ./freertos/portable/port.o
                0x00005af8                pxPortInitialiseStack
 .text.prvTaskExitError
                0x00005b4c       0x18 ./freertos/portable/port.o
 .text.SVC_Handler
                0x00005b64        0x8 ./freertos/portable/port.o
                0x00005b64                SVC_Handler
 *fill*         0x00005b6c        0x4 
 .text.vPortStartFirstTask
                0x00005b70       0x40 ./freertos/portable/port.o
 .text.xPortStartScheduler
                0x00005bb0       0x44 ./freertos/portable/port.o
                0x00005bb0                xPortStartScheduler
 .text.vPortYield
                0x00005bf4       0x1c ./freertos/portable/port.o
                0x00005bf4                vPortYield
 .text.vPortEnterCritical
                0x00005c10       0x20 ./freertos/portable/port.o
                0x00005c10                vPortEnterCritical
 .text.vPortExitCritical
                0x00005c30       0x2c ./freertos/portable/port.o
                0x00005c30                vPortExitCritical
 .text.ulSetInterruptMaskFromISR
                0x00005c5c        0xc ./freertos/portable/port.o
                0x00005c5c                ulSetInterruptMaskFromISR
 .text.vClearInterruptMaskFromISR
                0x00005c68        0x8 ./freertos/portable/port.o
                0x00005c68                vClearInterruptMaskFromISR
 .text.PendSV_Handler
                0x00005c70       0x50 ./freertos/portable/port.o
                0x00005c70                PendSV_Handler
 .text.SysTick_Handler
                0x00005cc0       0x34 ./freertos/portable/port.o
                0x00005cc0                SysTick_Handler
 .text.CLOCK_SetOutDiv
                0x00005cf4       0x3c ./drivers/fsl_clock.o
 .text.CLOCK_GetICSExtClkFreq
                0x00005d30       0x34 ./drivers/fsl_clock.o
 .text.CLOCK_GetFllExtRefClkFreq
                0x00005d64       0x84 ./drivers/fsl_clock.o
 .text.CLOCK_GetFllRefClkFreq
                0x00005de8       0x30 ./drivers/fsl_clock.o
 .text.CLOCK_GetOscRangeFromFreq
                0x00005e18       0x48 ./drivers/fsl_clock.o
 .text.CLOCK_GetOsc0ErClkFreq
                0x00005e60       0x4c ./drivers/fsl_clock.o
                0x00005e60                CLOCK_GetOsc0ErClkFreq
 .text.CLOCK_GetFlashClkFreq
                0x00005eac       0x50 ./drivers/fsl_clock.o
                0x00005eac                CLOCK_GetFlashClkFreq
 .text.CLOCK_GetCoreSysClkFreq
                0x00005efc       0x2c ./drivers/fsl_clock.o
                0x00005efc                CLOCK_GetCoreSysClkFreq
 .text.CLOCK_GetTimerClkFreq
                0x00005f28       0x2c ./drivers/fsl_clock.o
                0x00005f28                CLOCK_GetTimerClkFreq
 .text.CLOCK_GetFreq
                0x00005f54       0x8c ./drivers/fsl_clock.o
                0x00005f54                CLOCK_GetFreq
 .text.CLOCK_SetSimConfig
                0x00005fe0       0x44 ./drivers/fsl_clock.o
                0x00005fe0                CLOCK_SetSimConfig
 .text.CLOCK_GetICSOutClkFreq
                0x00006024       0x68 ./drivers/fsl_clock.o
                0x00006024                CLOCK_GetICSOutClkFreq
 .text.CLOCK_GetFllFreq
                0x0000608c       0x30 ./drivers/fsl_clock.o
                0x0000608c                CLOCK_GetFllFreq
 .text.CLOCK_GetInternalRefClkFreq
                0x000060bc       0x28 ./drivers/fsl_clock.o
                0x000060bc                CLOCK_GetInternalRefClkFreq
 .text.CLOCK_GetICSFixedFreqClkFreq
                0x000060e4       0x30 ./drivers/fsl_clock.o
                0x000060e4                CLOCK_GetICSFixedFreqClkFreq
 .text.CLOCK_InitOsc0
                0x00006114       0x80 ./drivers/fsl_clock.o
                0x00006114                CLOCK_InitOsc0
 .text.CLOCK_SetFeeMode
                0x00006194       0xc8 ./drivers/fsl_clock.o
                0x00006194                CLOCK_SetFeeMode
 .text.CLOCK_BootToFeeMode
                0x0000625c       0x2c ./drivers/fsl_clock.o
                0x0000625c                CLOCK_BootToFeeMode
 .text.GPIO_PinInit
                0x00006288       0xc8 ./drivers/fsl_gpio.o
                0x00006288                GPIO_PinInit
 .text.GPIO_PinWrite
                0x00006350       0x7c ./drivers/fsl_gpio.o
                0x00006350                GPIO_PinWrite
 .text.GPIO_PortToggle
                0x000063cc       0x58 ./drivers/fsl_gpio.o
                0x000063cc                GPIO_PortToggle
 .text.I2C_TransferCommonIRQHandler
                0x00006424       0x58 ./drivers/fsl_i2c.o
 .text.I2C0_DriverIRQHandler
                0x0000647c       0x20 ./drivers/fsl_i2c.o
                0x0000647c                I2C0_DriverIRQHandler
 .text.I2C1_DriverIRQHandler
                0x0000649c       0x20 ./drivers/fsl_i2c.o
                0x0000649c                I2C1_DriverIRQHandler
 .text.MSCAN_DriverIRQHandler
                0x000064bc       0x48 ./drivers/fsl_mscan.o
                0x000064bc                MSCAN_DriverIRQHandler
 .text.CLOCK_EnableClock
                0x00006504       0x34 ./drivers/fsl_pit.o
 .text.PIT_GetInstance
                0x00006538       0x54 ./drivers/fsl_pit.o
 .text.PIT_Init
                0x0000658c       0x7c ./drivers/fsl_pit.o
                0x0000658c                PIT_Init
 .text.PORT_SetPinSelect
                0x00006608       0xd4 ./drivers/fsl_port.o
                0x00006608                PORT_SetPinSelect
 .text.RTC_GetInterruptFlags
                0x000066dc       0x18 ./drivers/fsl_rtc.o
 .text.RTC_ClearInterruptFlags
                0x000066f4       0x1c ./drivers/fsl_rtc.o
 .text.RTC_DriverIRQHandler
                0x00006710       0x58 ./drivers/fsl_rtc.o
                0x00006710                RTC_DriverIRQHandler
 .text.SPI_CommonIRQHandler
                0x00006768       0x54 ./drivers/fsl_spi.o
 .text.SPI0_DriverIRQHandler
                0x000067bc       0x40 ./drivers/fsl_spi.o
                0x000067bc                SPI0_DriverIRQHandler
 .text.SPI1_DriverIRQHandler
                0x000067fc       0x40 ./drivers/fsl_spi.o
                0x000067fc                SPI1_DriverIRQHandler
 .text.CLOCK_EnableClock
                0x0000683c       0x34 ./drivers/fsl_uart.o
 .text.UART_GetInstance
                0x00006870       0x60 ./drivers/fsl_uart.o
                0x00006870                UART_GetInstance
 .text.UART_Init
                0x000068d0      0x22c ./drivers/fsl_uart.o
                0x000068d0                UART_Init
 .text.UART_GetDefaultConfig
                0x00006afc       0x58 ./drivers/fsl_uart.o
                0x00006afc                UART_GetDefaultConfig
 .text.UART_EnableInterrupts
                0x00006b54       0x58 ./drivers/fsl_uart.o
                0x00006b54                UART_EnableInterrupts
 .text.UART_DisableInterrupts
                0x00006bac       0x64 ./drivers/fsl_uart.o
                0x00006bac                UART_DisableInterrupts
 .text.UART_GetStatusFlags
                0x00006c10       0x28 ./drivers/fsl_uart.o
                0x00006c10                UART_GetStatusFlags
 .text.UART_WriteBlocking
                0x00006c38       0x3c ./drivers/fsl_uart.o
                0x00006c38                UART_WriteBlocking
 .text.UART_ReadBlocking
                0x00006c74       0xac ./drivers/fsl_uart.o
                0x00006c74                UART_ReadBlocking
 .text.UART0_DriverIRQHandler
                0x00006d20       0x24 ./drivers/fsl_uart.o
                0x00006d20                UART0_DriverIRQHandler
 .text.UART1_DriverIRQHandler
                0x00006d44       0x24 ./drivers/fsl_uart.o
                0x00006d44                UART1_DriverIRQHandler
 .text.UART2_DriverIRQHandler
                0x00006d68       0x24 ./drivers/fsl_uart.o
                0x00006d68                UART2_DriverIRQHandler
 .text.CLOCK_SetSimSafeDivs
                0x00006d8c       0x14 ./board/clock_config.o
 .text.CLOCK_SetInternalRefClkConfig
                0x00006da0       0x30 ./board/clock_config.o
 .text.CLOCK_SetXtal0Freq
                0x00006dd0       0x18 ./board/clock_config.o
 .text.BOARD_BootClockRUN
                0x00006de8       0x54 ./board/clock_config.o
                0x00006de8                BOARD_BootClockRUN
 .text.modbus_task
                0x00006e3c       0x2c ./application/application.o
 .text.app_task
                0x00006e68       0x3c ./application/application.o
 .text.modbus_task_init
                0x00006ea4       0x40 ./application/application.o
                0x00006ea4                modbus_task_init
 .text.app_task_init
                0x00006ee4       0x40 ./application/application.o
                0x00006ee4                app_task_init
 .text.eMBRegInputCB
                0x00006f24       0xa8 ./application/application.o
                0x00006f24                eMBRegInputCB
 .text.eMBRegHoldingCB
                0x00006fcc      0x120 ./application/application.o
                0x00006fcc                eMBRegHoldingCB
 .text.eMBRegCoilsCB
                0x000070ec      0x13c ./application/application.o
                0x000070ec                eMBRegCoilsCB
 .text.eMBRegDiscreteCB
                0x00007228       0xb4 ./application/application.o
                0x00007228                eMBRegDiscreteCB
 .text.SystemInit
                0x000072dc       0x48 ./CMSIS/system_MKE06Z4.o
                0x000072dc                SystemInit
 .text.exit     0x00007324       0x2c /opt/Freescale/KDS_v3/toolchain/bin/../lib/gcc/arm-none-eabi/4.8.4/../../../../arm-none-eabi/lib/armv6-m/libg_s.a(lib_a-exit.o)
                0x00007324                exit
 .text.__libc_init_array
                0x00007350       0x4c /opt/Freescale/KDS_v3/toolchain/bin/../lib/gcc/arm-none-eabi/4.8.4/../../../../arm-none-eabi/lib/armv6-m/libg_s.a(lib_a-init.o)
                0x00007350                __libc_init_array
 .text.memcpy   0x0000739c       0x12 /opt/Freescale/KDS_v3/toolchain/bin/../lib/gcc/arm-none-eabi/4.8.4/../../../../arm-none-eabi/lib/armv6-m/libg_s.a(lib_a-memcpy-stub.o)
                0x0000739c                memcpy
 .text.memset   0x000073ae       0x10 /opt/Freescale/KDS_v3/toolchain/bin/../lib/gcc/arm-none-eabi/4.8.4/../../../../arm-none-eabi/lib/armv6-m/libg_s.a(lib_a-memset.o)
                0x000073ae                memset
 .text.strlen   0x000073be        0xe /opt/Freescale/KDS_v3/toolchain/bin/../lib/gcc/arm-none-eabi/4.8.4/../../../../arm-none-eabi/lib/armv6-m/libg_s.a(lib_a-strlen.o)
                0x000073be                strlen
 .text._exit    0x000073cc        0x4 /opt/Freescale/KDS_v3/toolchain/bin/../lib/gcc/arm-none-eabi/4.8.4/../../../../arm-none-eabi/lib/armv6-m/libnosys.a(_exit.o)
                0x000073cc                _exit
 *(.rodata)
 .rodata        0x000073d0       0x40 ./utilities/fsl_assert.o
 .rodata        0x00007410       0x30 ./utilities/fsl_log.o
 .rodata        0x00007440        0xc ./source/main.o
 .rodata        0x0000744c       0x20 ./hal/timer.o
 .rodata        0x0000746c        0x8 ./freertos/source/tasks.o
 .rodata        0x00007474       0x10 ./freertos/source/timers.o
 .rodata        0x00007484       0x24 ./drivers/fsl_clock.o
 .rodata        0x000074a8       0x20 ./drivers/fsl_gpio.o
 .rodata        0x000074c8       0xa0 ./drivers/fsl_mscan.o
 .rodata        0x00007568       0x44 ./drivers/fsl_pit.o
 .rodata        0x000075ac       0x9c ./drivers/fsl_spi.o
 .rodata        0x00007648       0xac ./drivers/fsl_uart.o
 .rodata        0x000076f4        0xc ./application/application.o
 *(.rodata*)
 .rodata.__func__.5769
                0x00007700        0xc ./utilities/fsl_log.o
 .rodata.aucCRCHi
                0x0000770c      0x100 ./modbus/rtu/mbcrc.o
 .rodata.aucCRCLo
                0x0000780c      0x100 ./modbus/rtu/mbcrc.o
 .rodata.xMBASCIITransmitFSM
                0x0000790c       0x14 ./modbus/ascii/mbascii.o
 .rodata.__func__.5319
                0x00007920       0x18 ./hal/timer.o
 .rodata.prvProcessReceivedCommands
                0x00007938       0x28 ./freertos/source/timers.o
 .rodata.CLOCK_GetFreq
                0x00007960       0x2c ./drivers/fsl_clock.o
 .rodata.__func__.5287
                0x0000798c       0x18 ./drivers/fsl_clock.o
 .rodata.__func__.5314
                0x000079a4       0x18 ./drivers/fsl_clock.o
 .rodata.s_gpioBases
                0x000079bc        0xc ./drivers/fsl_gpio.o
 .rodata.__func__.5338
                0x000079c8       0x10 ./drivers/fsl_gpio.o
 .rodata.__func__.5753
                0x000079d8       0x18 ./drivers/fsl_mscan.o
 .rodata.__func__.5350
                0x000079f0       0x10 ./drivers/fsl_pit.o
 .rodata.__func__.5355
                0x00007a00        0xc ./drivers/fsl_pit.o
 .rodata.__func__.5682
                0x00007a0c       0x18 ./drivers/fsl_spi.o
 .rodata.__func__.5686
                0x00007a24       0x18 ./drivers/fsl_spi.o
 .rodata.s_uartBases
                0x00007a3c        0xc ./drivers/fsl_uart.o
 .rodata.s_uartClock
                0x00007a48        0xc ./drivers/fsl_uart.o
 .rodata.__func__.5483
                0x00007a54       0x14 ./drivers/fsl_uart.o
 .rodata.__func__.5499
                0x00007a68        0xc ./drivers/fsl_uart.o
 .rodata.__func__.5512
                0x00007a74       0x18 ./drivers/fsl_uart.o
 .rodata.__func__.5570
                0x00007a8c       0x14 ./drivers/fsl_uart.o
 .rodata.simConfig_BOARD_BootClockRUN
                0x00007aa0        0x4 ./board/clock_config.o
                0x00007aa0                simConfig_BOARD_BootClockRUN
 .rodata.oscConfig_BOARD_BootClockRUN
                0x00007aa4        0x8 ./board/clock_config.o
                0x00007aa4                oscConfig_BOARD_BootClockRUN
 .rodata.str1.1
                0x00007aac        0x2 /opt/Freescale/KDS_v3/toolchain/bin/../lib/gcc/arm-none-eabi/4.8.4/../../../../arm-none-eabi/lib/armv6-m/libg_s.a(lib_a-impure.o)
 *fill*         0x00007aae        0x2 
 .rodata._global_impure_ptr
                0x00007ab0        0x4 /opt/Freescale/KDS_v3/toolchain/bin/../lib/gcc/arm-none-eabi/4.8.4/../../../../arm-none-eabi/lib/armv6-m/libg_s.a(lib_a-impure.o)
                0x00007ab0                _global_impure_ptr
 *(.glue_7)
 .glue_7        0x00000000        0x0 linker stubs
 *(.glue_7t)
 .glue_7t       0x00000000        0x0 linker stubs
 *(.eh_frame)
 .eh_frame      0x00007ab4        0x0 /opt/Freescale/KDS_v3/toolchain/bin/../lib/gcc/arm-none-eabi/4.8.4/armv6-m/crtbegin.o
 *(.init)
 .init          0x00007ab4        0x4 /opt/Freescale/KDS_v3/toolchain/bin/../lib/gcc/arm-none-eabi/4.8.4/armv6-m/crti.o
                0x00007ab4                _init
 .init          0x00007ab8        0x8 /opt/Freescale/KDS_v3/toolchain/bin/../lib/gcc/arm-none-eabi/4.8.4/armv6-m/crtn.o
 *(.fini)
 .fini          0x00007ac0        0x4 /opt/Freescale/KDS_v3/toolchain/bin/../lib/gcc/arm-none-eabi/4.8.4/armv6-m/crti.o
                0x00007ac0                _fini
 .fini          0x00007ac4        0x8 /opt/Freescale/KDS_v3/toolchain/bin/../lib/gcc/arm-none-eabi/4.8.4/armv6-m/crtn.o
                0x00007acc                . = ALIGN (0x4)

.vfp11_veneer   0x00007acc        0x0
 .vfp11_veneer  0x00000000        0x0 linker stubs

.v4_bx          0x00007acc        0x0
 .v4_bx         0x00000000        0x0 linker stubs

.iplt           0x00007acc        0x0
 .iplt          0x00000000        0x0 /opt/Freescale/KDS_v3/toolchain/bin/../lib/gcc/arm-none-eabi/4.8.4/armv6-m/crtbegin.o

.ARM.extab
 *(.ARM.extab* .gnu.linkonce.armextab.*)

.ARM            0x00007acc        0x8
                0x00007acc                __exidx_start = .
 *(.ARM.exidx*)
 .ARM.exidx     0x00007acc        0x8 /opt/Freescale/KDS_v3/toolchain/bin/../lib/gcc/arm-none-eabi/4.8.4/../../../../arm-none-eabi/lib/armv6-m/crt0.o
 .ARM.exidx     0x00007ad4        0x0 /opt/Freescale/KDS_v3/toolchain/bin/../lib/gcc/arm-none-eabi/4.8.4/armv6-m/libgcc.a(_divdi3.o)
                                  0x8 (size before relaxing)
 .ARM.exidx     0x00007ad4        0x0 /opt/Freescale/KDS_v3/toolchain/bin/../lib/gcc/arm-none-eabi/4.8.4/armv6-m/libgcc.a(_udivdi3.o)
                                  0x8 (size before relaxing)
                0x00007ad4                __exidx_end = .

.rel.dyn        0x00007ad4        0x0
 .rel.iplt      0x00000000        0x0 /opt/Freescale/KDS_v3/toolchain/bin/../lib/gcc/arm-none-eabi/4.8.4/armv6-m/crtbegin.o

.ctors          0x00007ad4        0x0
                0x00007ad4                __CTOR_LIST__ = .
 *crtbegin.o(.ctors)
 *crtbegin?.o(.ctors)
 *(EXCLUDE_FILE(*crtend.o *crtend?.o) .ctors)
 *(SORT(.ctors.*))
 *(.ctors)
                0x00007ad4                __CTOR_END__ = .

.dtors          0x00007ad4        0x0
                0x00007ad4                __DTOR_LIST__ = .
 *crtbegin.o(.dtors)
 *crtbegin?.o(.dtors)
 *(EXCLUDE_FILE(*crtend.o *crtend?.o) .dtors)
 *(SORT(.dtors.*))
 *(.dtors)
                0x00007ad4                __DTOR_END__ = .

.preinit_array  0x00007ad4        0x0
                0x00007ad4                PROVIDE (__preinit_array_start, .)
 *(.preinit_array*)
                0x00007ad4                PROVIDE (__preinit_array_end, .)

.init_array     0x00007ad4        0x4
                0x00007ad4                PROVIDE (__init_array_start, .)
 *(SORT(.init_array.*))
 *(.init_array*)
 .init_array    0x00007ad4        0x4 /opt/Freescale/KDS_v3/toolchain/bin/../lib/gcc/arm-none-eabi/4.8.4/armv6-m/crtbegin.o
                0x00007ad8                PROVIDE (__init_array_end, .)

.fini_array     0x00007ad8        0x4
                0x00007ad8                PROVIDE (__fini_array_start, .)
 *(SORT(.fini_array.*))
 *(.fini_array*)
 .fini_array    0x00007ad8        0x4 /opt/Freescale/KDS_v3/toolchain/bin/../lib/gcc/arm-none-eabi/4.8.4/armv6-m/crtbegin.o
                0x00007adc                PROVIDE (__fini_array_end, .)
                0x00007adc                __etext = .
                0x00007adc                __DATA_ROM = .

.mtb            0x1ffff000        0x0
                0x1ffff000                . = ALIGN (0x8)
                0x1ffff000                _mtb_start = .
 *(.mtb_buf)
                0x1ffff000                . = ALIGN (0x8)
                0x1ffff000                _mtb_end = .

.data           0x1ffff000      0x100 load address 0x00007adc
                0x1ffff000                . = ALIGN (0x4)
                0x1ffff000                __DATA_RAM = .
                0x1ffff000                __data_start__ = .
 *(.data)
 *(.data*)
 .data.ucASCIIBuf
                0x1ffff000        0x4 ./modbus/ascii/mbascii.o
 .data.eMBState
                0x1ffff004        0x1 ./modbus/mb.o
 *fill*         0x1ffff005        0x3 
 .data.xFuncHandlers
                0x1ffff008       0x80 ./modbus/mb.o
 .data.uxCriticalNesting
                0x1ffff088        0x4 ./freertos/portable/port.o
 .data.s_slowIrcFreq
                0x1ffff08c        0x4 ./drivers/fsl_clock.o
 .data.usRegDiscreteCoilsStart
                0x1ffff090        0x1 ./application/application.o
 *fill*         0x1ffff091        0x1 
 .data.usRegHoldingStart
                0x1ffff092        0x2 ./application/application.o
 .data.usRegInputStart
                0x1ffff094        0x2 ./application/application.o
 *fill*         0x1ffff096        0x2 
 .data.SystemCoreClock
                0x1ffff098        0x4 ./CMSIS/system_MKE06Z4.o
                0x1ffff098                SystemCoreClock
 .data.impure_data
                0x1ffff09c       0x60 /opt/Freescale/KDS_v3/toolchain/bin/../lib/gcc/arm-none-eabi/4.8.4/../../../../arm-none-eabi/lib/armv6-m/libg_s.a(lib_a-impure.o)
 *(.jcr*)
 .jcr           0x1ffff0fc        0x0 /opt/Freescale/KDS_v3/toolchain/bin/../lib/gcc/arm-none-eabi/4.8.4/armv6-m/crtbegin.o
 .jcr           0x1ffff0fc        0x4 /opt/Freescale/KDS_v3/toolchain/bin/../lib/gcc/arm-none-eabi/4.8.4/armv6-m/crtend.o
                0x1ffff100                . = ALIGN (0x4)
                0x1ffff100                __data_end__ = .
                0x00007bdc                __DATA_END = (__DATA_ROM + (__data_end__ - __data_start__))
                0x00020000                text_end = (ORIGIN (m_text) + 0x1fbf0)
                0x00000001                ASSERT ((__DATA_END <= text_end), region m_text overflowed with text and data)

.igot.plt       0x1ffff100        0x0 load address 0x00007bdc
 .igot.plt      0x00000000        0x0 /opt/Freescale/KDS_v3/toolchain/bin/../lib/gcc/arm-none-eabi/4.8.4/armv6-m/crtbegin.o

.bss            0x1ffff100     0x2c68 load address 0x00007bdc
                0x1ffff100                . = ALIGN (0x4)
                0x1ffff100                __START_BSS = .
                0x1ffff100                __bss_start__ = .
 *(.bss)
 .bss           0x1ffff100       0x1c /opt/Freescale/KDS_v3/toolchain/bin/../lib/gcc/arm-none-eabi/4.8.4/armv6-m/crtbegin.o
 *(.bss*)
 .bss.s_debugConsoleIO
                0x1ffff11c        0x8 ./utilities/fsl_io.o
 .bss.eSndState
                0x1ffff124        0x1 ./modbus/rtu/mbrtu.o
 .bss.eRcvState
                0x1ffff125        0x1 ./modbus/rtu/mbrtu.o
 *fill*         0x1ffff126        0x2 
 .bss.pucSndBufferCur
                0x1ffff128        0x4 ./modbus/rtu/mbrtu.o
 .bss.usSndBufferCount
                0x1ffff12c        0x2 ./modbus/rtu/mbrtu.o
 .bss.usRcvBufferPos
                0x1ffff12e        0x2 ./modbus/rtu/mbrtu.o
 .bss.xQueueHdl
                0x1ffff130        0x4 ./modbus/port/portevent.o
 .bss.bIsWithinException
                0x1ffff134        0x1 ./modbus/port/portother.o
 .bss.bTXEnabled
                0x1ffff135        0x1 ./modbus/port/portserial.o
 .bss.bRXEnabled
                0x1ffff136        0x1 ./modbus/port/portserial.o
 *fill*         0x1ffff137        0x1 
 .bss.ucMBSlaveID
                0x1ffff138       0x20 ./modbus/functions/mbfuncother.o
 .bss.usMBSlaveIDLen
                0x1ffff158        0x2 ./modbus/functions/mbfuncother.o
 .bss.eSndState
                0x1ffff15a        0x1 ./modbus/ascii/mbascii.o
 .bss.eRcvState
                0x1ffff15b        0x1 ./modbus/ascii/mbascii.o
 .bss.usRcvBufferPos
                0x1ffff15c        0x2 ./modbus/ascii/mbascii.o
 .bss.eBytePos  0x1ffff15e        0x1 ./modbus/ascii/mbascii.o
 *fill*         0x1ffff15f        0x1 
 .bss.pucSndBufferCur
                0x1ffff160        0x4 ./modbus/ascii/mbascii.o
 .bss.usSndBufferCount
                0x1ffff164        0x2 ./modbus/ascii/mbascii.o
 .bss.ucMBLFCharacter
                0x1ffff166        0x1 ./modbus/ascii/mbascii.o
 .bss.ucMBAddress
                0x1ffff167        0x1 ./modbus/mb.o
 .bss.eMBCurrentMode
                0x1ffff168        0x1 ./modbus/mb.o
 *fill*         0x1ffff169        0x3 
 .bss.peMBFrameSendCur
                0x1ffff16c        0x4 ./modbus/mb.o
 .bss.pvMBFrameStartCur
                0x1ffff170        0x4 ./modbus/mb.o
 .bss.pvMBFrameStopCur
                0x1ffff174        0x4 ./modbus/mb.o
 .bss.peMBFrameReceiveCur
                0x1ffff178        0x4 ./modbus/mb.o
 .bss.pvMBFrameCloseCur
                0x1ffff17c        0x4 ./modbus/mb.o
 .bss.ucRcvAddress.5128
                0x1ffff180        0x1 ./modbus/mb.o
 *fill*         0x1ffff181        0x3 
 .bss.ucMBFrame.5127
                0x1ffff184        0x4 ./modbus/mb.o
 .bss.usLength.5130
                0x1ffff188        0x2 ./modbus/mb.o
 .bss.ucFunctionCode.5129
                0x1ffff18a        0x1 ./modbus/mb.o
 .bss.eException.5131
                0x1ffff18b        0x1 ./modbus/mb.o
 .bss.pxCurrentTCB
                0x1ffff18c        0x4 ./freertos/source/tasks.o
                0x1ffff18c                pxCurrentTCB
 .bss.pxReadyTasksLists
                0x1ffff190       0x64 ./freertos/source/tasks.o
 .bss.xDelayedTaskList1
                0x1ffff1f4       0x14 ./freertos/source/tasks.o
 .bss.xDelayedTaskList2
                0x1ffff208       0x14 ./freertos/source/tasks.o
 .bss.pxDelayedTaskList
                0x1ffff21c        0x4 ./freertos/source/tasks.o
 .bss.pxOverflowDelayedTaskList
                0x1ffff220        0x4 ./freertos/source/tasks.o
 .bss.xPendingReadyList
                0x1ffff224       0x14 ./freertos/source/tasks.o
 .bss.xTasksWaitingTermination
                0x1ffff238       0x14 ./freertos/source/tasks.o
 .bss.uxDeletedTasksWaitingCleanUp
                0x1ffff24c        0x4 ./freertos/source/tasks.o
 .bss.xSuspendedTaskList
                0x1ffff250       0x14 ./freertos/source/tasks.o
 .bss.uxCurrentNumberOfTasks
                0x1ffff264        0x4 ./freertos/source/tasks.o
 .bss.xTickCount
                0x1ffff268        0x4 ./freertos/source/tasks.o
 .bss.uxTopReadyPriority
                0x1ffff26c        0x4 ./freertos/source/tasks.o
 .bss.xSchedulerRunning
                0x1ffff270        0x4 ./freertos/source/tasks.o
 .bss.uxPendedTicks
                0x1ffff274        0x4 ./freertos/source/tasks.o
 .bss.xYieldPending
                0x1ffff278        0x4 ./freertos/source/tasks.o
 .bss.xNumOfOverflows
                0x1ffff27c        0x4 ./freertos/source/tasks.o
 .bss.uxTaskNumber
                0x1ffff280        0x4 ./freertos/source/tasks.o
 .bss.xNextTaskUnblockTime
                0x1ffff284        0x4 ./freertos/source/tasks.o
 .bss.xIdleTaskHandle
                0x1ffff288        0x4 ./freertos/source/tasks.o
 .bss.uxSchedulerSuspended
                0x1ffff28c        0x4 ./freertos/source/tasks.o
 .bss.xActiveTimerList1
                0x1ffff290       0x14 ./freertos/source/timers.o
 .bss.xActiveTimerList2
                0x1ffff2a4       0x14 ./freertos/source/timers.o
 .bss.pxCurrentTimerList
                0x1ffff2b8        0x4 ./freertos/source/timers.o
 .bss.pxOverflowTimerList
                0x1ffff2bc        0x4 ./freertos/source/timers.o
 .bss.xTimerQueue
                0x1ffff2c0        0x4 ./freertos/source/timers.o
 .bss.xTimerTaskHandle
                0x1ffff2c4        0x4 ./freertos/source/timers.o
 .bss.xLastTime.5291
                0x1ffff2c8        0x4 ./freertos/source/timers.o
 .bss.ucHeap    0x1ffff2cc     0x2800 ./freertos/portable/heap_4.o
 .bss.xStart    0x20001acc        0x8 ./freertos/portable/heap_4.o
 .bss.pxEnd     0x20001ad4        0x4 ./freertos/portable/heap_4.o
 .bss.xFreeBytesRemaining
                0x20001ad8        0x4 ./freertos/portable/heap_4.o
 .bss.xMinimumEverFreeBytesRemaining
                0x20001adc        0x4 ./freertos/portable/heap_4.o
 .bss.xBlockAllocatedBit
                0x20001ae0        0x4 ./freertos/portable/heap_4.o
 .bss.s_i2cHandle
                0x20001ae4        0x8 ./drivers/fsl_i2c.o
 .bss.s_i2cMasterIsr
                0x20001aec        0x4 ./drivers/fsl_i2c.o
 .bss.s_i2cSlaveIsr
                0x20001af0        0x4 ./drivers/fsl_i2c.o
 .bss.s_mscanHandle
                0x20001af4        0x4 ./drivers/fsl_mscan.o
 .bss.s_mscanIsr
                0x20001af8        0x4 ./drivers/fsl_mscan.o
 .bss.s_CurrentTimeSeconds
                0x20001afc        0x4 ./drivers/fsl_rtc.o
 .bss.s_AlarmTimeSeconds
                0x20001b00        0x4 ./drivers/fsl_rtc.o
 .bss.s_RtcAlarmCallback
                0x20001b04        0x4 ./drivers/fsl_rtc.o
 .bss.s_spiHandle
                0x20001b08        0x8 ./drivers/fsl_spi.o
 .bss.s_spiMasterIsr
                0x20001b10        0x4 ./drivers/fsl_spi.o
 .bss.s_spiSlaveIsr
                0x20001b14        0x4 ./drivers/fsl_spi.o
 .bss.s_uartHandle
                0x20001b18        0xc ./drivers/fsl_uart.o
 .bss.s_uartIsr
                0x20001b24        0x4 ./drivers/fsl_uart.o
 .bss.usRegCoilsStart
                0x20001b28        0x1 ./application/application.o
 *fill*         0x20001b29        0x3 
 .bss.usRegDiscreteCoilsBuf
                0x20001b2c       0x34 ./application/application.o
 .bss.usRegCoilsBuf
                0x20001b60       0x34 ./application/application.o
 .bss.usRegHoldingBuf
                0x20001b94       0x64 ./application/application.o
 .bss.usRegInputBuf
                0x20001bf8       0x10 ./application/application.o
 *(COMMON)
 COMMON         0x20001c08      0x100 ./modbus/rtu/mbrtu.o
                0x20001c08                ucRTUBuf
 COMMON         0x20001d08       0x14 ./modbus/mb.o
                0x20001d08                pxMBFrameCBTransmitterEmpty
                0x20001d0c                pxMBPortCBTimerExpired
                0x20001d10                pxMBFrameCBByteReceived
                0x20001d14                pxMBFrameCBTransmitFSMCur
                0x20001d18                pxMBFrameCBReceiveFSMCur
 COMMON         0x20001d1c        0x4 ./hal/serial.o
                0x20001d1c                serial_task_irq
 COMMON         0x20001d20        0x4 ./hal/timer.o
                0x20001d20                timer_task_irq
 COMMON         0x20001d24       0x40 ./freertos/source/queue.o
                0x20001d24                xQueueRegistry
 COMMON         0x20001d64        0x4 ./drivers/fsl_clock.o
                0x20001d64                g_xtal0Freq
                0x20001d68                . = ALIGN (0x4)
                0x20001d68                __bss_end__ = .
                0x20001d68                __END_BSS = .

.heap           0x20001d68      0x400 load address 0x0000a844
                0x20001d68                . = ALIGN (0x8)
                0x20001d68                __end__ = .
                0x20001d68                PROVIDE (end, .)
                0x20001d68                __HeapBase = .
                0x20002168                . = (. + HEAP_SIZE)
 *fill*         0x20001d68      0x400 
                0x20002168                __HeapLimit = .
                0x20002168                __heap_limit = .

.stack          0x20002168      0x400 load address 0x0000ac44
                0x20002168                . = ALIGN (0x8)
                0x20002568                . = (. + STACK_SIZE)
 *fill*         0x20002168      0x400 
                0x20003000                __StackTop = (ORIGIN (m_data) + 0x4000)
                0x20002c00                __StackLimit = (__StackTop - STACK_SIZE)
                0x20003000                PROVIDE (__stack, __StackTop)

.ARM.attributes
                0x00000000       0x28
 *(.ARM.attributes)
 .ARM.attributes
                0x00000000       0x1e /opt/Freescale/KDS_v3/toolchain/bin/../lib/gcc/arm-none-eabi/4.8.4/armv6-m/crti.o
 .ARM.attributes
                0x0000001e       0x2c /opt/Freescale/KDS_v3/toolchain/bin/../lib/gcc/arm-none-eabi/4.8.4/armv6-m/crtbegin.o
 .ARM.attributes
                0x0000004a       0x1b /opt/Freescale/KDS_v3/toolchain/bin/../lib/gcc/arm-none-eabi/4.8.4/../../../../arm-none-eabi/lib/armv6-m/crt0.o
 .ARM.attributes
                0x00000065       0x32 ./utilities/fsl_assert.o
 .ARM.attributes
                0x00000097       0x32 ./utilities/fsl_debug_console.o
 .ARM.attributes
                0x000000c9       0x32 ./utilities/fsl_io.o
 .ARM.attributes
                0x000000fb       0x32 ./utilities/fsl_log.o
 .ARM.attributes
                0x0000012d       0x32 ./utilities/fsl_str.o
 .ARM.attributes
                0x0000015f       0x1b ./startup/startup_MKE06Z4.o
 .ARM.attributes
                0x0000017a       0x32 ./source/main.o
 .ARM.attributes
                0x000001ac       0x32 ./modbus/rtu/mbcrc.o
 .ARM.attributes
                0x000001de       0x32 ./modbus/rtu/mbrtu.o
 .ARM.attributes
                0x00000210       0x32 ./modbus/port/portevent.o
 .ARM.attributes
                0x00000242       0x32 ./modbus/port/portother.o
 .ARM.attributes
                0x00000274       0x32 ./modbus/port/portserial.o
 .ARM.attributes
                0x000002a6       0x32 ./modbus/port/porttimer.o
 .ARM.attributes
                0x000002d8       0x32 ./modbus/functions/mbfunccoils.o
 .ARM.attributes
                0x0000030a       0x32 ./modbus/functions/mbfuncdisc.o
 .ARM.attributes
                0x0000033c       0x32 ./modbus/functions/mbfuncholding.o
 .ARM.attributes
                0x0000036e       0x32 ./modbus/functions/mbfuncinput.o
 .ARM.attributes
                0x000003a0       0x32 ./modbus/functions/mbfuncother.o
 .ARM.attributes
                0x000003d2       0x32 ./modbus/functions/mbutils.o
 .ARM.attributes
                0x00000404       0x32 ./modbus/ascii/mbascii.o
 .ARM.attributes
                0x00000436       0x32 ./modbus/mb.o
 .ARM.attributes
                0x00000468       0x32 ./hal/serial.o
 .ARM.attributes
                0x0000049a       0x32 ./hal/timer.o
 .ARM.attributes
                0x000004cc       0x32 ./freertos/source/list.o
 .ARM.attributes
                0x000004fe       0x32 ./freertos/source/queue.o
 .ARM.attributes
                0x00000530       0x32 ./freertos/source/tasks.o
 .ARM.attributes
                0x00000562       0x32 ./freertos/source/timers.o
 .ARM.attributes
                0x00000594       0x32 ./freertos/portable/fsl_tickless_systick.o
 .ARM.attributes
                0x000005c6       0x32 ./freertos/portable/heap_4.o
 .ARM.attributes
                0x000005f8       0x32 ./freertos/portable/port.o
 .ARM.attributes
                0x0000062a       0x32 ./drivers/fsl_clock.o
 .ARM.attributes
                0x0000065c       0x32 ./drivers/fsl_gpio.o
 .ARM.attributes
                0x0000068e       0x32 ./drivers/fsl_i2c.o
 .ARM.attributes
                0x000006c0       0x32 ./drivers/fsl_mscan.o
 .ARM.attributes
                0x000006f2       0x32 ./drivers/fsl_pit.o
 .ARM.attributes
                0x00000724       0x32 ./drivers/fsl_port.o
 .ARM.attributes
                0x00000756       0x32 ./drivers/fsl_rtc.o
 .ARM.attributes
                0x00000788       0x32 ./drivers/fsl_spi.o
 .ARM.attributes
                0x000007ba       0x32 ./drivers/fsl_uart.o
 .ARM.attributes
                0x000007ec       0x32 ./board/clock_config.o
 .ARM.attributes
                0x0000081e       0x32 ./application/application.o
 .ARM.attributes
                0x00000850       0x32 ./CMSIS/system_MKE06Z4.o
 .ARM.attributes
                0x00000882       0x1e /opt/Freescale/KDS_v3/toolchain/bin/../lib/gcc/arm-none-eabi/4.8.4/armv6-m/libgcc.a(_udivsi3.o)
 .ARM.attributes
                0x000008a0       0x1e /opt/Freescale/KDS_v3/toolchain/bin/../lib/gcc/arm-none-eabi/4.8.4/armv6-m/libgcc.a(_divsi3.o)
 .ARM.attributes
                0x000008be       0x1e /opt/Freescale/KDS_v3/toolchain/bin/../lib/gcc/arm-none-eabi/4.8.4/armv6-m/libgcc.a(_dvmd_tls.o)
 .ARM.attributes
                0x000008dc       0x1e /opt/Freescale/KDS_v3/toolchain/bin/../lib/gcc/arm-none-eabi/4.8.4/armv6-m/libgcc.a(_aeabi_uldivmod.o)
 .ARM.attributes
                0x000008fa       0x2c /opt/Freescale/KDS_v3/toolchain/bin/../lib/gcc/arm-none-eabi/4.8.4/armv6-m/libgcc.a(_muldi3.o)
 .ARM.attributes
                0x00000926       0x2c /opt/Freescale/KDS_v3/toolchain/bin/../lib/gcc/arm-none-eabi/4.8.4/armv6-m/libgcc.a(bpabi.o)
 .ARM.attributes
                0x00000952       0x2c /opt/Freescale/KDS_v3/toolchain/bin/../lib/gcc/arm-none-eabi/4.8.4/armv6-m/libgcc.a(_divdi3.o)
 .ARM.attributes
                0x0000097e       0x2c /opt/Freescale/KDS_v3/toolchain/bin/../lib/gcc/arm-none-eabi/4.8.4/armv6-m/libgcc.a(_udivdi3.o)
 .ARM.attributes
                0x000009aa       0x1e /opt/Freescale/KDS_v3/toolchain/bin/../lib/gcc/arm-none-eabi/4.8.4/armv6-m/libgcc.a(_clzsi2.o)
 .ARM.attributes
                0x000009c8       0x2c /opt/Freescale/KDS_v3/toolchain/bin/../lib/gcc/arm-none-eabi/4.8.4/../../../../arm-none-eabi/lib/armv6-m/libg_s.a(lib_a-exit.o)
 .ARM.attributes
                0x000009f4       0x2c /opt/Freescale/KDS_v3/toolchain/bin/../lib/gcc/arm-none-eabi/4.8.4/../../../../arm-none-eabi/lib/armv6-m/libg_s.a(lib_a-impure.o)
 .ARM.attributes
                0x00000a20       0x2c /opt/Freescale/KDS_v3/toolchain/bin/../lib/gcc/arm-none-eabi/4.8.4/../../../../arm-none-eabi/lib/armv6-m/libg_s.a(lib_a-init.o)
 .ARM.attributes
                0x00000a4c       0x2c /opt/Freescale/KDS_v3/toolchain/bin/../lib/gcc/arm-none-eabi/4.8.4/../../../../arm-none-eabi/lib/armv6-m/libg_s.a(lib_a-memcpy-stub.o)
 .ARM.attributes
                0x00000a78       0x2c /opt/Freescale/KDS_v3/toolchain/bin/../lib/gcc/arm-none-eabi/4.8.4/../../../../arm-none-eabi/lib/armv6-m/libg_s.a(lib_a-memset.o)
 .ARM.attributes
                0x00000aa4       0x2c /opt/Freescale/KDS_v3/toolchain/bin/../lib/gcc/arm-none-eabi/4.8.4/../../../../arm-none-eabi/lib/armv6-m/libg_s.a(lib_a-strlen.o)
 .ARM.attributes
                0x00000ad0       0x2c /opt/Freescale/KDS_v3/toolchain/bin/../lib/gcc/arm-none-eabi/4.8.4/../../../../arm-none-eabi/lib/armv6-m/libnosys.a(_exit.o)
 .ARM.attributes
                0x00000afc       0x2c /opt/Freescale/KDS_v3/toolchain/bin/../lib/gcc/arm-none-eabi/4.8.4/armv6-m/crtend.o
 .ARM.attributes
                0x00000b28       0x1e /opt/Freescale/KDS_v3/toolchain/bin/../lib/gcc/arm-none-eabi/4.8.4/armv6-m/crtn.o
                0x00000001                ASSERT ((__StackLimit >= __HeapLimit), region m_data overflowed with stack and heap)
OUTPUT(KE06Z_Modbus_KSDK.elf elf32-littlearm)

.debug_info     0x00000000    0x12566
 .debug_info    0x00000000       0xf8 ./utilities/fsl_assert.o
 .debug_info    0x000000f8      0x3fe ./utilities/fsl_debug_console.o
 .debug_info    0x000004f6      0x640 ./utilities/fsl_io.o
 .debug_info    0x00000b36      0x378 ./utilities/fsl_log.o
 .debug_info    0x00000eae      0x502 ./utilities/fsl_str.o
 .debug_info    0x000013b0       0x7f ./startup/startup_MKE06Z4.o
 .debug_info    0x0000142f       0xda ./source/main.o
 .debug_info    0x00001509      0x11a ./modbus/rtu/mbcrc.o
 .debug_info    0x00001623      0x418 ./modbus/rtu/mbrtu.o
 .debug_info    0x00001a3b      0x1c0 ./modbus/port/portevent.o
 .debug_info    0x00001bfb      0x120 ./modbus/port/portother.o
 .debug_info    0x00001d1b      0x3f4 ./modbus/port/portserial.o
 .debug_info    0x0000210f      0x162 ./modbus/port/porttimer.o
 .debug_info    0x00002271      0x2d7 ./modbus/functions/mbfunccoils.o
 .debug_info    0x00002548      0x1ba ./modbus/functions/mbfuncdisc.o
 .debug_info    0x00002702      0x343 ./modbus/functions/mbfuncholding.o
 .debug_info    0x00002a45      0x1ac ./modbus/functions/mbfuncinput.o
 .debug_info    0x00002bf1      0x21d ./modbus/functions/mbfuncother.o
 .debug_info    0x00002e0e      0x270 ./modbus/functions/mbutils.o
 .debug_info    0x0000307e      0x50b ./modbus/ascii/mbascii.o
 .debug_info    0x00003589      0x5a0 ./modbus/mb.o
 .debug_info    0x00003b29      0xba7 ./hal/serial.o
 .debug_info    0x000046d0      0x8b0 ./hal/timer.o
 .debug_info    0x00004f80      0x2a1 ./freertos/source/list.o
 .debug_info    0x00005221      0xe1c ./freertos/source/queue.o
 .debug_info    0x0000603d     0x174e ./freertos/source/tasks.o
 .debug_info    0x0000778b      0xad3 ./freertos/source/timers.o
 .debug_info    0x0000825e       0xbb ./freertos/portable/fsl_tickless_systick.o
 .debug_info    0x00008319      0x2e8 ./freertos/portable/heap_4.o
 .debug_info    0x00008601      0x22d ./freertos/portable/port.o
 .debug_info    0x0000882e      0xb9c ./drivers/fsl_clock.o
 .debug_info    0x000093ca      0x92d ./drivers/fsl_gpio.o
 .debug_info    0x00009cf7     0x1b27 ./drivers/fsl_i2c.o
 .debug_info    0x0000b81e     0x1bc6 ./drivers/fsl_mscan.o
 .debug_info    0x0000d3e4      0x5ad ./drivers/fsl_pit.o
 .debug_info    0x0000d991      0x6bc ./drivers/fsl_port.o
 .debug_info    0x0000e04d      0xaf2 ./drivers/fsl_rtc.o
 .debug_info    0x0000eb3f     0x152f ./drivers/fsl_spi.o
 .debug_info    0x0001006e     0x159b ./drivers/fsl_uart.o
 .debug_info    0x00011609      0x5a5 ./board/clock_config.o
 .debug_info    0x00011bae      0x70c ./application/application.o
 .debug_info    0x000122ba      0x2ac ./CMSIS/system_MKE06Z4.o

.debug_abbrev   0x00000000     0x37a2
 .debug_abbrev  0x00000000       0x84 ./utilities/fsl_assert.o
 .debug_abbrev  0x00000084      0x16f ./utilities/fsl_debug_console.o
 .debug_abbrev  0x000001f3      0x1b2 ./utilities/fsl_io.o
 .debug_abbrev  0x000003a5      0x15b ./utilities/fsl_log.o
 .debug_abbrev  0x00000500      0x180 ./utilities/fsl_str.o
 .debug_abbrev  0x00000680       0x14 ./startup/startup_MKE06Z4.o
 .debug_abbrev  0x00000694       0x93 ./source/main.o
 .debug_abbrev  0x00000727       0x96 ./modbus/rtu/mbcrc.o
 .debug_abbrev  0x000007bd      0x107 ./modbus/rtu/mbrtu.o
 .debug_abbrev  0x000008c4       0xb2 ./modbus/port/portevent.o
 .debug_abbrev  0x00000976       0xcf ./modbus/port/portother.o
 .debug_abbrev  0x00000a45      0x104 ./modbus/port/portserial.o
 .debug_abbrev  0x00000b49       0xe8 ./modbus/port/porttimer.o
 .debug_abbrev  0x00000c31       0xbf ./modbus/functions/mbfunccoils.o
 .debug_abbrev  0x00000cf0       0x91 ./modbus/functions/mbfuncdisc.o
 .debug_abbrev  0x00000d81       0xad ./modbus/functions/mbfuncholding.o
 .debug_abbrev  0x00000e2e       0x91 ./modbus/functions/mbfuncinput.o
 .debug_abbrev  0x00000ebf       0xac ./modbus/functions/mbfuncother.o
 .debug_abbrev  0x00000f6b       0xc7 ./modbus/functions/mbutils.o
 .debug_abbrev  0x00001032      0x146 ./modbus/ascii/mbascii.o
 .debug_abbrev  0x00001178      0x144 ./modbus/mb.o
 .debug_abbrev  0x000012bc      0x220 ./hal/serial.o
 .debug_abbrev  0x000014dc      0x20d ./hal/timer.o
 .debug_abbrev  0x000016e9       0xc1 ./freertos/source/list.o
 .debug_abbrev  0x000017aa      0x1a6 ./freertos/source/queue.o
 .debug_abbrev  0x00001950      0x245 ./freertos/source/tasks.o
 .debug_abbrev  0x00001b95      0x1ac ./freertos/source/timers.o
 .debug_abbrev  0x00001d41       0x63 ./freertos/portable/fsl_tickless_systick.o
 .debug_abbrev  0x00001da4      0x15b ./freertos/portable/heap_4.o
 .debug_abbrev  0x00001eff      0x160 ./freertos/portable/port.o
 .debug_abbrev  0x0000205f      0x272 ./drivers/fsl_clock.o
 .debug_abbrev  0x000022d1      0x15d ./drivers/fsl_gpio.o
 .debug_abbrev  0x0000242e      0x2f7 ./drivers/fsl_i2c.o
 .debug_abbrev  0x00002725      0x2f5 ./drivers/fsl_mscan.o
 .debug_abbrev  0x00002a1a      0x193 ./drivers/fsl_pit.o
 .debug_abbrev  0x00002bad       0xea ./drivers/fsl_port.o
 .debug_abbrev  0x00002c97      0x23f ./drivers/fsl_rtc.o
 .debug_abbrev  0x00002ed6      0x2ba ./drivers/fsl_spi.o
 .debug_abbrev  0x00003190      0x28f ./drivers/fsl_uart.o
 .debug_abbrev  0x0000341f      0x12d ./board/clock_config.o
 .debug_abbrev  0x0000354c      0x15b ./application/application.o
 .debug_abbrev  0x000036a7       0xfb ./CMSIS/system_MKE06Z4.o

.debug_aranges  0x00000000     0x13c0
 .debug_aranges
                0x00000000       0x20 ./utilities/fsl_assert.o
 .debug_aranges
                0x00000020       0x68 ./utilities/fsl_debug_console.o
 .debug_aranges
                0x00000088       0x48 ./utilities/fsl_io.o
 .debug_aranges
                0x000000d0       0x58 ./utilities/fsl_log.o
 .debug_aranges
                0x00000128       0x38 ./utilities/fsl_str.o
 .debug_aranges
                0x00000160       0x20 ./startup/startup_MKE06Z4.o
 .debug_aranges
                0x00000180       0x28 ./source/main.o
 .debug_aranges
                0x000001a8       0x20 ./modbus/rtu/mbcrc.o
 .debug_aranges
                0x000001c8       0x58 ./modbus/rtu/mbrtu.o
 .debug_aranges
                0x00000220       0x38 ./modbus/port/portevent.o
 .debug_aranges
                0x00000258       0x40 ./modbus/port/portother.o
 .debug_aranges
                0x00000298       0x48 ./modbus/port/portserial.o
 .debug_aranges
                0x000002e0       0x48 ./modbus/port/porttimer.o
 .debug_aranges
                0x00000328       0x30 ./modbus/functions/mbfunccoils.o
 .debug_aranges
                0x00000358       0x20 ./modbus/functions/mbfuncdisc.o
 .debug_aranges
                0x00000378       0x38 ./modbus/functions/mbfuncholding.o
 .debug_aranges
                0x000003b0       0x20 ./modbus/functions/mbfuncinput.o
 .debug_aranges
                0x000003d0       0x28 ./modbus/functions/mbfuncother.o
 .debug_aranges
                0x000003f8       0x30 ./modbus/functions/mbutils.o
 .debug_aranges
                0x00000428       0x70 ./modbus/ascii/mbascii.o
 .debug_aranges
                0x00000498       0x48 ./modbus/mb.o
 .debug_aranges
                0x000004e0       0x98 ./hal/serial.o
 .debug_aranges
                0x00000578       0x80 ./hal/timer.o
 .debug_aranges
                0x000005f8       0x40 ./freertos/source/list.o
 .debug_aranges
                0x00000638      0x118 ./freertos/source/queue.o
 .debug_aranges
                0x00000750      0x1e8 ./freertos/source/tasks.o
 .debug_aranges
                0x00000938       0xc8 ./freertos/source/timers.o
 .debug_aranges
                0x00000a00       0x20 ./freertos/portable/fsl_tickless_systick.o
 .debug_aranges
                0x00000a20       0x50 ./freertos/portable/heap_4.o
 .debug_aranges
                0x00000a70       0x80 ./freertos/portable/port.o
 .debug_aranges
                0x00000af0      0x110 ./drivers/fsl_clock.o
 .debug_aranges
                0x00000c00       0x78 ./drivers/fsl_gpio.o
 .debug_aranges
                0x00000c78      0x178 ./drivers/fsl_i2c.o
 .debug_aranges
                0x00000df0      0x180 ./drivers/fsl_mscan.o
 .debug_aranges
                0x00000f70       0x40 ./drivers/fsl_pit.o
 .debug_aranges
                0x00000fb0       0x30 ./drivers/fsl_port.o
 .debug_aranges
                0x00000fe0       0xa8 ./drivers/fsl_rtc.o
 .debug_aranges
                0x00001088      0x138 ./drivers/fsl_spi.o
 .debug_aranges
                0x000011c0      0x140 ./drivers/fsl_uart.o
 .debug_aranges
                0x00001300       0x40 ./board/clock_config.o
 .debug_aranges
                0x00001340       0x58 ./application/application.o
 .debug_aranges
                0x00001398       0x28 ./CMSIS/system_MKE06Z4.o

.debug_ranges   0x00000000     0x1110
 .debug_ranges  0x00000000       0x10 ./utilities/fsl_assert.o
 .debug_ranges  0x00000010       0x58 ./utilities/fsl_debug_console.o
 .debug_ranges  0x00000068       0x38 ./utilities/fsl_io.o
 .debug_ranges  0x000000a0       0x48 ./utilities/fsl_log.o
 .debug_ranges  0x000000e8       0x28 ./utilities/fsl_str.o
 .debug_ranges  0x00000110       0x18 ./source/main.o
 .debug_ranges  0x00000128       0x10 ./modbus/rtu/mbcrc.o
 .debug_ranges  0x00000138       0x48 ./modbus/rtu/mbrtu.o
 .debug_ranges  0x00000180       0x28 ./modbus/port/portevent.o
 .debug_ranges  0x000001a8       0x30 ./modbus/port/portother.o
 .debug_ranges  0x000001d8       0x38 ./modbus/port/portserial.o
 .debug_ranges  0x00000210       0x38 ./modbus/port/porttimer.o
 .debug_ranges  0x00000248       0x20 ./modbus/functions/mbfunccoils.o
 .debug_ranges  0x00000268       0x10 ./modbus/functions/mbfuncdisc.o
 .debug_ranges  0x00000278       0x28 ./modbus/functions/mbfuncholding.o
 .debug_ranges  0x000002a0       0x10 ./modbus/functions/mbfuncinput.o
 .debug_ranges  0x000002b0       0x18 ./modbus/functions/mbfuncother.o
 .debug_ranges  0x000002c8       0x20 ./modbus/functions/mbutils.o
 .debug_ranges  0x000002e8       0x60 ./modbus/ascii/mbascii.o
 .debug_ranges  0x00000348       0x38 ./modbus/mb.o
 .debug_ranges  0x00000380       0x88 ./hal/serial.o
 .debug_ranges  0x00000408       0x70 ./hal/timer.o
 .debug_ranges  0x00000478       0x30 ./freertos/source/list.o
 .debug_ranges  0x000004a8      0x108 ./freertos/source/queue.o
 .debug_ranges  0x000005b0      0x1d8 ./freertos/source/tasks.o
 .debug_ranges  0x00000788       0xb8 ./freertos/source/timers.o
 .debug_ranges  0x00000840       0x10 ./freertos/portable/fsl_tickless_systick.o
 .debug_ranges  0x00000850       0x40 ./freertos/portable/heap_4.o
 .debug_ranges  0x00000890       0x70 ./freertos/portable/port.o
 .debug_ranges  0x00000900      0x100 ./drivers/fsl_clock.o
 .debug_ranges  0x00000a00       0x68 ./drivers/fsl_gpio.o
 .debug_ranges  0x00000a68      0x168 ./drivers/fsl_i2c.o
 .debug_ranges  0x00000bd0      0x170 ./drivers/fsl_mscan.o
 .debug_ranges  0x00000d40       0x30 ./drivers/fsl_pit.o
 .debug_ranges  0x00000d70       0x20 ./drivers/fsl_port.o
 .debug_ranges  0x00000d90       0x98 ./drivers/fsl_rtc.o
 .debug_ranges  0x00000e28      0x128 ./drivers/fsl_spi.o
 .debug_ranges  0x00000f50      0x130 ./drivers/fsl_uart.o
 .debug_ranges  0x00001080       0x30 ./board/clock_config.o
 .debug_ranges  0x000010b0       0x48 ./application/application.o
 .debug_ranges  0x000010f8       0x18 ./CMSIS/system_MKE06Z4.o

.debug_macro    0x00000000     0xc35e
 .debug_macro   0x00000000      0x187 ./utilities/fsl_assert.o
 .debug_macro   0x00000187      0x820 ./utilities/fsl_assert.o
 .debug_macro   0x000009a7       0x58 ./utilities/fsl_assert.o
 .debug_macro   0x000009ff       0x16 ./utilities/fsl_assert.o
 .debug_macro   0x00000a15       0x35 ./utilities/fsl_assert.o
 .debug_macro   0x00000a4a       0xa3 ./utilities/fsl_assert.o
 .debug_macro   0x00000aed       0x16 ./utilities/fsl_assert.o
 .debug_macro   0x00000b03       0x22 ./utilities/fsl_assert.o
 .debug_macro   0x00000b25       0x4a ./utilities/fsl_assert.o
 .debug_macro   0x00000b6f      0x209 ./utilities/fsl_assert.o
 .debug_macro   0x00000d78      0x166 ./utilities/fsl_assert.o
 .debug_macro   0x00000ede       0x52 ./utilities/fsl_assert.o
 .debug_macro   0x00000f30       0x16 ./utilities/fsl_assert.o
 .debug_macro   0x00000f46       0x43 ./utilities/fsl_assert.o
 .debug_macro   0x00000f89      0x180 ./utilities/fsl_assert.o
 .debug_macro   0x00001109      0x2a6 ./utilities/fsl_assert.o
 .debug_macro   0x000013af       0x10 ./utilities/fsl_assert.o
 .debug_macro   0x000013bf       0x35 ./utilities/fsl_assert.o
 .debug_macro   0x000013f4       0x1f ./utilities/fsl_assert.o
 .debug_macro   0x00001413       0x10 ./utilities/fsl_assert.o
 .debug_macro   0x00001423       0x3f ./utilities/fsl_assert.o
 .debug_macro   0x00001462       0x1c ./utilities/fsl_assert.o
 .debug_macro   0x0000147e       0x22 ./utilities/fsl_assert.o
 .debug_macro   0x000014a0       0xa9 ./utilities/fsl_assert.o
 .debug_macro   0x00001549      0x37c ./utilities/fsl_assert.o
 .debug_macro   0x000018c5       0x22 ./utilities/fsl_assert.o
 .debug_macro   0x000018e7     0x45b0 ./utilities/fsl_assert.o
 .debug_macro   0x00005e97      0xa1e ./utilities/fsl_assert.o
 .debug_macro   0x000068b5       0x46 ./utilities/fsl_assert.o
 .debug_macro   0x000068fb       0xac ./utilities/fsl_assert.o
 .debug_macro   0x000069a7       0x5f ./utilities/fsl_assert.o
 .debug_macro   0x00006a06       0x28 ./utilities/fsl_assert.o
 .debug_macro   0x00006a2e      0x1e1 ./utilities/fsl_debug_console.o
 .debug_macro   0x00006c0f       0x58 ./utilities/fsl_debug_console.o
 .debug_macro   0x00006c67       0x16 ./utilities/fsl_debug_console.o
 .debug_macro   0x00006c7d      0x10e ./utilities/fsl_debug_console.o
 .debug_macro   0x00006d8b       0x7f ./utilities/fsl_debug_console.o
 .debug_macro   0x00006e0a       0x16 ./utilities/fsl_debug_console.o
 .debug_macro   0x00006e20       0x29 ./utilities/fsl_debug_console.o
 .debug_macro   0x00006e49      0x20f ./utilities/fsl_debug_console.o
 .debug_macro   0x00007058       0x22 ./utilities/fsl_debug_console.o
 .debug_macro   0x0000707a       0x4a ./utilities/fsl_debug_console.o
 .debug_macro   0x000070c4      0x1a0 ./utilities/fsl_io.o
 .debug_macro   0x00007264       0x10 ./utilities/fsl_io.o
 .debug_macro   0x00007274      0x254 ./utilities/fsl_log.o
 .debug_macro   0x000074c8      0x17d ./utilities/fsl_log.o
 .debug_macro   0x00007645      0x168 ./utilities/fsl_log.o
 .debug_macro   0x000077ad       0xb6 ./utilities/fsl_log.o
 .debug_macro   0x00007863       0x10 ./utilities/fsl_log.o
 .debug_macro   0x00007873       0x1f ./utilities/fsl_log.o
 .debug_macro   0x00007892      0x361 ./utilities/fsl_log.o
 .debug_macro   0x00007bf3       0xc0 ./utilities/fsl_log.o
 .debug_macro   0x00007cb3       0x8c ./utilities/fsl_log.o
 .debug_macro   0x00007d3f       0x94 ./utilities/fsl_log.o
 .debug_macro   0x00007dd3       0x78 ./utilities/fsl_log.o
 .debug_macro   0x00007e4b      0x1db ./utilities/fsl_str.o
 .debug_macro   0x00008026      0x1e1 ./utilities/fsl_str.o
 .debug_macro   0x00008207      0x2cf ./source/main.o
 .debug_macro   0x000084d6       0x1c ./source/main.o
 .debug_macro   0x000084f2       0x10 ./source/main.o
 .debug_macro   0x00008502       0x10 ./source/main.o
 .debug_macro   0x00008512       0x22 ./source/main.o
 .debug_macro   0x00008534       0xbd ./source/main.o
 .debug_macro   0x000085f1       0x16 ./source/main.o
 .debug_macro   0x00008607      0x16c ./source/main.o
 .debug_macro   0x00008773       0x10 ./source/main.o
 .debug_macro   0x00008783       0xf1 ./source/main.o
 .debug_macro   0x00008874       0x91 ./source/main.o
 .debug_macro   0x00008905       0x10 ./source/main.o
 .debug_macro   0x00008915       0x46 ./source/main.o
 .debug_macro   0x0000895b       0x7c ./source/main.o
 .debug_macro   0x000089d7       0x1a ./modbus/rtu/mbcrc.o
 .debug_macro   0x000089f1      0x173 ./modbus/rtu/mbrtu.o
 .debug_macro   0x00008b64       0xe9 ./modbus/port/portevent.o
 .debug_macro   0x00008c4d       0x44 ./modbus/port/portevent.o
 .debug_macro   0x00008c91      0x193 ./modbus/port/portother.o
 .debug_macro   0x00008e24      0x296 ./modbus/port/portserial.o
 .debug_macro   0x000090ba       0x28 ./modbus/port/portserial.o
 .debug_macro   0x000090e2      0x285 ./modbus/port/porttimer.o
 .debug_macro   0x00009367       0x16 ./modbus/port/porttimer.o
 .debug_macro   0x0000937d       0x10 ./modbus/port/porttimer.o
 .debug_macro   0x0000938d      0x198 ./modbus/functions/mbfunccoils.o
 .debug_macro   0x00009525      0x162 ./modbus/functions/mbfuncdisc.o
 .debug_macro   0x00009687      0x1c2 ./modbus/functions/mbfuncholding.o
 .debug_macro   0x00009849      0x168 ./modbus/functions/mbfuncinput.o
 .debug_macro   0x000099b1      0x14a ./modbus/functions/mbfuncother.o
 .debug_macro   0x00009afb      0x13e ./modbus/functions/mbutils.o
 .debug_macro   0x00009c39      0x188 ./modbus/ascii/mbascii.o
 .debug_macro   0x00009dc1      0x16c ./modbus/mb.o
 .debug_macro   0x00009f2d      0x1c8 ./hal/serial.o
 .debug_macro   0x0000a0f5      0x1d2 ./hal/timer.o
 .debug_macro   0x0000a2c7      0x13c ./freertos/source/list.o
 .debug_macro   0x0000a403      0x1cc ./freertos/source/queue.o
 .debug_macro   0x0000a5cf      0x236 ./freertos/source/tasks.o
 .debug_macro   0x0000a805       0x11 ./freertos/source/tasks.o
 .debug_macro   0x0000a816      0x179 ./freertos/source/timers.o
 .debug_macro   0x0000a98f       0xb9 ./freertos/portable/fsl_tickless_systick.o
 .debug_macro   0x0000aa48       0xb4 ./freertos/portable/fsl_tickless_systick.o
 .debug_macro   0x0000aafc      0x163 ./freertos/portable/heap_4.o
 .debug_macro   0x0000ac5f       0xcb ./freertos/portable/port.o
 .debug_macro   0x0000ad2a      0x1c0 ./drivers/fsl_clock.o
 .debug_macro   0x0000aeea      0x19a ./drivers/fsl_gpio.o
 .debug_macro   0x0000b084      0x18d ./drivers/fsl_i2c.o
 .debug_macro   0x0000b211       0x16 ./drivers/fsl_i2c.o
 .debug_macro   0x0000b227      0x194 ./drivers/fsl_mscan.o
 .debug_macro   0x0000b3bb      0x18e ./drivers/fsl_pit.o
 .debug_macro   0x0000b549      0x19f ./drivers/fsl_port.o
 .debug_macro   0x0000b6e8       0x22 ./drivers/fsl_port.o
 .debug_macro   0x0000b70a      0x1b2 ./drivers/fsl_rtc.o
 .debug_macro   0x0000b8bc      0x18d ./drivers/fsl_spi.o
 .debug_macro   0x0000ba49       0x10 ./drivers/fsl_spi.o
 .debug_macro   0x0000ba59      0x194 ./drivers/fsl_uart.o
 .debug_macro   0x0000bbed      0x18d ./board/clock_config.o
 .debug_macro   0x0000bd7a      0x2fc ./application/application.o
 .debug_macro   0x0000c076       0x16 ./application/application.o
 .debug_macro   0x0000c08c       0x97 ./application/application.o
 .debug_macro   0x0000c123       0xef ./application/application.o
 .debug_macro   0x0000c212       0x9d ./CMSIS/system_MKE06Z4.o
 .debug_macro   0x0000c2af       0xaf ./CMSIS/system_MKE06Z4.o

.debug_line     0x00000000     0xcb7f
 .debug_line    0x00000000      0x355 ./utilities/fsl_assert.o
 .debug_line    0x00000355      0x49d ./utilities/fsl_debug_console.o
 .debug_line    0x000007f2      0x40b ./utilities/fsl_io.o
 .debug_line    0x00000bfd      0x50f ./utilities/fsl_log.o
 .debug_line    0x0000110c      0x646 ./utilities/fsl_str.o
 .debug_line    0x00001752       0xc1 ./startup/startup_MKE06Z4.o
 .debug_line    0x00001813      0x57e ./source/main.o
 .debug_line    0x00001d91       0x73 ./modbus/rtu/mbcrc.o
 .debug_line    0x00001e04      0x3d6 ./modbus/rtu/mbrtu.o
 .debug_line    0x000021da      0x2f9 ./modbus/port/portevent.o
 .debug_line    0x000024d3      0x38c ./modbus/port/portother.o
 .debug_line    0x0000285f      0x57e ./modbus/port/portserial.o
 .debug_line    0x00002ddd      0x558 ./modbus/port/porttimer.o
 .debug_line    0x00003335      0x3a8 ./modbus/functions/mbfunccoils.o
 .debug_line    0x000036dd      0x33b ./modbus/functions/mbfuncdisc.o
 .debug_line    0x00003a18      0x3d3 ./modbus/functions/mbfuncholding.o
 .debug_line    0x00003deb      0x331 ./modbus/functions/mbfuncinput.o
 .debug_line    0x0000411c      0x348 ./modbus/functions/mbfuncother.o
 .debug_line    0x00004464      0x338 ./modbus/functions/mbutils.o
 .debug_line    0x0000479c      0x485 ./modbus/ascii/mbascii.o
 .debug_line    0x00004c21      0x466 ./modbus/mb.o
 .debug_line    0x00005087      0x4d4 ./hal/serial.o
 .debug_line    0x0000555b      0x4a0 ./hal/timer.o
 .debug_line    0x000059fb      0x330 ./freertos/source/list.o
 .debug_line    0x00005d2b      0x92c ./freertos/source/queue.o
 .debug_line    0x00006657      0xe05 ./freertos/source/tasks.o
 .debug_line    0x0000745c      0x5b5 ./freertos/source/timers.o
 .debug_line    0x00007a11      0x25f ./freertos/portable/fsl_tickless_systick.o
 .debug_line    0x00007c70      0x3c5 ./freertos/portable/heap_4.o
 .debug_line    0x00008035      0x359 ./freertos/portable/port.o
 .debug_line    0x0000838e      0x6c1 ./drivers/fsl_clock.o
 .debug_line    0x00008a4f      0x43b ./drivers/fsl_gpio.o
 .debug_line    0x00008e8a      0xb1c ./drivers/fsl_i2c.o
 .debug_line    0x000099a6      0x89f ./drivers/fsl_mscan.o
 .debug_line    0x0000a245      0x3a2 ./drivers/fsl_pit.o
 .debug_line    0x0000a5e7      0x375 ./drivers/fsl_port.o
 .debug_line    0x0000a95c      0x56e ./drivers/fsl_rtc.o
 .debug_line    0x0000aeca      0x7d4 ./drivers/fsl_spi.o
 .debug_line    0x0000b69e      0x8c6 ./drivers/fsl_uart.o
 .debug_line    0x0000bf64      0x397 ./board/clock_config.o
 .debug_line    0x0000c2fb      0x630 ./application/application.o
 .debug_line    0x0000c92b      0x254 ./CMSIS/system_MKE06Z4.o

.debug_str      0x00000000    0x3ad75
 .debug_str     0x00000000    0x29d52 ./utilities/fsl_assert.o
                              0x2a0de (size before relaxing)
 .debug_str     0x00029d52      0x4f2 ./utilities/fsl_debug_console.o
                              0x2a646 (size before relaxing)
 .debug_str     0x0002a244      0x8ac ./utilities/fsl_io.o
                              0x2ab20 (size before relaxing)
 .debug_str     0x0002aaf0     0x4343 ./utilities/fsl_log.o
                              0x2e5e6 (size before relaxing)
 .debug_str     0x0002ee33      0xbbf ./utilities/fsl_str.o
                              0x2afcb (size before relaxing)
 .debug_str     0x0002f9f2     0x1f2c ./source/main.o
                              0x2fa85 (size before relaxing)
 .debug_str     0x0003191e       0x55 ./modbus/rtu/mbcrc.o
                               0x24cd (size before relaxing)
 .debug_str     0x00031973      0x377 ./modbus/rtu/mbrtu.o
                               0x525d (size before relaxing)
 .debug_str     0x00031cea       0x95 ./modbus/port/portevent.o
                               0x7022 (size before relaxing)
 .debug_str     0x00031d7f       0xc9 ./modbus/port/portother.o
                               0x8a7f (size before relaxing)
 .debug_str     0x00031e48      0x1ce ./modbus/port/portserial.o
                              0x2ef08 (size before relaxing)
 .debug_str     0x00032016       0xfd ./modbus/port/porttimer.o
                              0x2eef1 (size before relaxing)
 .debug_str     0x00032113      0x64d ./modbus/functions/mbfunccoils.o
                               0x55e5 (size before relaxing)
 .debug_str     0x00032760       0xa6 ./modbus/functions/mbfuncdisc.o
                               0x53cb (size before relaxing)
 .debug_str     0x00032806      0x405 ./modbus/functions/mbfuncholding.o
                               0x57f5 (size before relaxing)
 .debug_str     0x00032c0b       0x70 ./modbus/functions/mbfuncinput.o
                               0x53f2 (size before relaxing)
 .debug_str     0x00032c7b       0x93 ./modbus/functions/mbfuncother.o
                               0x534d (size before relaxing)
 .debug_str     0x00032d0e       0xbb ./modbus/functions/mbutils.o
                               0x50e2 (size before relaxing)
 .debug_str     0x00032dc9      0x1f1 ./modbus/ascii/mbascii.o
                               0x5559 (size before relaxing)
 .debug_str     0x00032fba      0x1f5 ./modbus/mb.o
                               0x55cf (size before relaxing)
 .debug_str     0x000331af      0xd1d ./hal/serial.o
                              0x2bf7b (size before relaxing)
 .debug_str     0x00033ecc      0x20c ./hal/timer.o
                              0x2b490 (size before relaxing)
 .debug_str     0x000340d8      0x13c ./freertos/source/list.o
                               0x72e9 (size before relaxing)
 .debug_str     0x00034214      0x7ab ./freertos/source/queue.o
                               0x97a1 (size before relaxing)
 .debug_str     0x000349bf     0x1347 ./freertos/source/tasks.o
                               0xa414 (size before relaxing)
 .debug_str     0x00035d06      0x4cd ./freertos/source/timers.o
                               0x8d95 (size before relaxing)
 .debug_str     0x000361d3      0x545 ./freertos/portable/fsl_tickless_systick.o
                               0x68ed (size before relaxing)
 .debug_str     0x00036718      0x22a ./freertos/portable/heap_4.o
                               0x79c8 (size before relaxing)
 .debug_str     0x00036942      0x16b ./freertos/portable/port.o
                               0x6a82 (size before relaxing)
 .debug_str     0x00036aad      0x8e2 ./drivers/fsl_clock.o
                              0x2afdb (size before relaxing)
 .debug_str     0x0003738f      0x21b ./drivers/fsl_gpio.o
                              0x2a836 (size before relaxing)
 .debug_str     0x000375aa      0xdc0 ./drivers/fsl_i2c.o
                              0x2b6d0 (size before relaxing)
 .debug_str     0x0003836a      0xdee ./drivers/fsl_mscan.o
                              0x2b880 (size before relaxing)
 .debug_str     0x00039158       0x50 ./drivers/fsl_pit.o
                              0x2a7d1 (size before relaxing)
 .debug_str     0x000391a8      0x39f ./drivers/fsl_port.o
                              0x2acd5 (size before relaxing)
 .debug_str     0x00039547      0x4a5 ./drivers/fsl_rtc.o
                              0x2ad57 (size before relaxing)
 .debug_str     0x000399ec      0x7d2 ./drivers/fsl_spi.o
                              0x2b2b2 (size before relaxing)
 .debug_str     0x0003a1be      0x70d ./drivers/fsl_uart.o
                              0x2b5a3 (size before relaxing)
 .debug_str     0x0003a8cb      0x12c ./board/clock_config.o
                              0x2a8eb (size before relaxing)
 .debug_str     0x0003a9f7      0x2d4 ./application/application.o
                              0x2fc0b (size before relaxing)
 .debug_str     0x0003accb       0xaa ./CMSIS/system_MKE06Z4.o
                              0x27155 (size before relaxing)

.comment        0x00000000       0x70
 .comment       0x00000000       0x70 ./utilities/fsl_assert.o
                                 0x71 (size before relaxing)
 .comment       0x00000000       0x71 ./utilities/fsl_debug_console.o
 .comment       0x00000000       0x71 ./utilities/fsl_io.o
 .comment       0x00000000       0x71 ./utilities/fsl_log.o
 .comment       0x00000000       0x71 ./utilities/fsl_str.o
 .comment       0x00000000       0x71 ./source/main.o
 .comment       0x00000000       0x71 ./modbus/rtu/mbcrc.o
 .comment       0x00000000       0x71 ./modbus/rtu/mbrtu.o
 .comment       0x00000000       0x71 ./modbus/port/portevent.o
 .comment       0x00000000       0x71 ./modbus/port/portother.o
 .comment       0x00000000       0x71 ./modbus/port/portserial.o
 .comment       0x00000000       0x71 ./modbus/port/porttimer.o
 .comment       0x00000000       0x71 ./modbus/functions/mbfunccoils.o
 .comment       0x00000000       0x71 ./modbus/functions/mbfuncdisc.o
 .comment       0x00000000       0x71 ./modbus/functions/mbfuncholding.o
 .comment       0x00000000       0x71 ./modbus/functions/mbfuncinput.o
 .comment       0x00000000       0x71 ./modbus/functions/mbfuncother.o